Component: ARM Compiler 5.06 update 4 (build 422) Tool: armlink [4d35d2]

==============================================================================

Section Cross References

    system_stm32f1xx.o(i.SystemCoreClockUpdate) refers to system_stm32f1xx.o(.data) for SystemCoreClock
    system_stm32f1xx.o(i.SystemCoreClockUpdate) refers to system_stm32f1xx.o(.constdata) for AHBPrescTable
    stm32f1xx_hal.o(i.HAL_DeInit) refers to stm32f1xx_hal.o(i.HAL_MspDeInit) for HAL_MspDeInit
    stm32f1xx_hal.o(i.HAL_Delay) refers to stm32f1xx_hal.o(i.HAL_GetTick) for HAL_GetTick
    stm32f1xx_hal.o(i.HAL_Delay) refers to stm32f1xx_hal.o(.data) for uwTickFreq
    stm32f1xx_hal.o(i.HAL_GetTick) refers to stm32f1xx_hal.o(.data) for uwTick
    stm32f1xx_hal.o(i.HAL_GetTickFreq) refers to stm32f1xx_hal.o(.data) for uwTickFreq
    stm32f1xx_hal.o(i.HAL_GetTickPrio) refers to stm32f1xx_hal.o(.data) for uwTickPrio
    stm32f1xx_hal.o(i.HAL_IncTick) refers to stm32f1xx_hal.o(.data) for uwTick
    stm32f1xx_hal.o(i.HAL_Init) refers to stm32f1xx_hal_cortex.o(i.HAL_NVIC_SetPriorityGrouping) for HAL_NVIC_SetPriorityGrouping
    stm32f1xx_hal.o(i.HAL_Init) refers to stm32f1xx_hal.o(i.HAL_InitTick) for HAL_InitTick
    stm32f1xx_hal.o(i.HAL_Init) refers to stm32f1xx_hal.o(i.HAL_MspInit) for HAL_MspInit
    stm32f1xx_hal.o(i.HAL_InitTick) refers to stm32f1xx_hal_cortex.o(i.HAL_SYSTICK_Config) for HAL_SYSTICK_Config
    stm32f1xx_hal.o(i.HAL_InitTick) refers to stm32f1xx_hal_cortex.o(i.HAL_NVIC_SetPriority) for HAL_NVIC_SetPriority
    stm32f1xx_hal.o(i.HAL_InitTick) refers to stm32f1xx_hal.o(.data) for uwTickFreq
    stm32f1xx_hal.o(i.HAL_InitTick) refers to system_stm32f1xx.o(.data) for SystemCoreClock
    stm32f1xx_hal.o(i.HAL_SetTickFreq) refers to stm32f1xx_hal.o(i.HAL_InitTick) for HAL_InitTick
    stm32f1xx_hal.o(i.HAL_SetTickFreq) refers to stm32f1xx_hal.o(.data) for uwTickFreq
    stm32f1xx_hal_adc.o(i.ADC_ConversionStop_Disable) refers to stm32f1xx_hal.o(i.HAL_GetTick) for HAL_GetTick
    stm32f1xx_hal_adc.o(i.ADC_DMAConvCplt) refers to stm32f1xx_hal_adc.o(i.HAL_ADC_ConvCpltCallback) for HAL_ADC_ConvCpltCallback
    stm32f1xx_hal_adc.o(i.ADC_DMAError) refers to stm32f1xx_hal_adc.o(i.HAL_ADC_ErrorCallback) for HAL_ADC_ErrorCallback
    stm32f1xx_hal_adc.o(i.ADC_DMAHalfConvCplt) refers to stm32f1xx_hal_adc.o(i.HAL_ADC_ConvHalfCpltCallback) for HAL_ADC_ConvHalfCpltCallback
    stm32f1xx_hal_adc.o(i.ADC_Enable) refers to stm32f1xx_hal.o(i.HAL_GetTick) for HAL_GetTick
    stm32f1xx_hal_adc.o(i.ADC_Enable) refers to system_stm32f1xx.o(.data) for SystemCoreClock
    stm32f1xx_hal_adc.o(i.HAL_ADC_ConfigChannel) refers to system_stm32f1xx.o(.data) for SystemCoreClock
    stm32f1xx_hal_adc.o(i.HAL_ADC_DeInit) refers to stm32f1xx_hal_adc.o(i.ADC_ConversionStop_Disable) for ADC_ConversionStop_Disable
    stm32f1xx_hal_adc.o(i.HAL_ADC_DeInit) refers to stm32f1xx_hal_adc.o(i.HAL_ADC_MspDeInit) for HAL_ADC_MspDeInit
    stm32f1xx_hal_adc.o(i.HAL_ADC_IRQHandler) refers to stm32f1xx_hal_adc.o(i.HAL_ADC_ConvCpltCallback) for HAL_ADC_ConvCpltCallback
    stm32f1xx_hal_adc.o(i.HAL_ADC_IRQHandler) refers to stm32f1xx_hal_adc_ex.o(i.HAL_ADCEx_InjectedConvCpltCallback) for HAL_ADCEx_InjectedConvCpltCallback
    stm32f1xx_hal_adc.o(i.HAL_ADC_IRQHandler) refers to stm32f1xx_hal_adc.o(i.HAL_ADC_LevelOutOfWindowCallback) for HAL_ADC_LevelOutOfWindowCallback
    stm32f1xx_hal_adc.o(i.HAL_ADC_Init) refers to stm32f1xx_hal_adc.o(i.HAL_ADC_MspInit) for HAL_ADC_MspInit
    stm32f1xx_hal_adc.o(i.HAL_ADC_Init) refers to stm32f1xx_hal_adc.o(i.ADC_ConversionStop_Disable) for ADC_ConversionStop_Disable
    stm32f1xx_hal_adc.o(i.HAL_ADC_PollForConversion) refers to stm32f1xx_hal.o(i.HAL_GetTick) for HAL_GetTick
    stm32f1xx_hal_adc.o(i.HAL_ADC_PollForConversion) refers to stm32f1xx_hal_rcc_ex.o(i.HAL_RCCEx_GetPeriphCLKFreq) for HAL_RCCEx_GetPeriphCLKFreq
    stm32f1xx_hal_adc.o(i.HAL_ADC_PollForConversion) refers to system_stm32f1xx.o(.data) for SystemCoreClock
    stm32f1xx_hal_adc.o(i.HAL_ADC_PollForEvent) refers to stm32f1xx_hal.o(i.HAL_GetTick) for HAL_GetTick
    stm32f1xx_hal_adc.o(i.HAL_ADC_Start) refers to stm32f1xx_hal_adc.o(i.ADC_Enable) for ADC_Enable
    stm32f1xx_hal_adc.o(i.HAL_ADC_Start_DMA) refers to stm32f1xx_hal_adc.o(i.ADC_Enable) for ADC_Enable
    stm32f1xx_hal_adc.o(i.HAL_ADC_Start_DMA) refers to stm32f1xx_hal_dma.o(i.HAL_DMA_Start_IT) for HAL_DMA_Start_IT
    stm32f1xx_hal_adc.o(i.HAL_ADC_Start_DMA) refers to stm32f1xx_hal_adc.o(i.ADC_DMAConvCplt) for ADC_DMAConvCplt
    stm32f1xx_hal_adc.o(i.HAL_ADC_Start_DMA) refers to stm32f1xx_hal_adc.o(i.ADC_DMAHalfConvCplt) for ADC_DMAHalfConvCplt
    stm32f1xx_hal_adc.o(i.HAL_ADC_Start_DMA) refers to stm32f1xx_hal_adc.o(i.ADC_DMAError) for ADC_DMAError
    stm32f1xx_hal_adc.o(i.HAL_ADC_Start_IT) refers to stm32f1xx_hal_adc.o(i.ADC_Enable) for ADC_Enable
    stm32f1xx_hal_adc.o(i.HAL_ADC_Stop) refers to stm32f1xx_hal_adc.o(i.ADC_ConversionStop_Disable) for ADC_ConversionStop_Disable
[...]
    Removing stm32f1xx_hal_usart.o(i.USART_DMARxAbortCallback), (48 bytes).
    Removing stm32f1xx_hal_usart.o(i.USART_DMARxHalfCplt), (14 bytes).
    Removing stm32f1xx_hal_usart.o(i.USART_DMATransmitCplt), (70 bytes).
    Removing stm32f1xx_hal_usart.o(i.USART_DMATxAbortCallback), (48 bytes).
    Removing stm32f1xx_hal_usart.o(i.USART_DMATxHalfCplt), (14 bytes).
    Removing stm32f1xx_hal_usart.o(i.USART_EndRxTransfer), (32 bytes).
    Removing stm32f1xx_hal_usart.o(i.USART_EndTransmit_IT), (44 bytes).
    Removing stm32f1xx_hal_usart.o(i.USART_EndTxTransfer), (20 bytes).
    Removing stm32f1xx_hal_usart.o(i.USART_Receive_IT), (194 bytes).
    Removing stm32f1xx_hal_usart.o(i.USART_SetConfig), (444 bytes).
    Removing stm32f1xx_hal_usart.o(i.USART_TransmitReceive_IT), (270 bytes).
    Removing stm32f1xx_hal_usart.o(i.USART_Transmit_IT), (104 bytes).
    Removing stm32f1xx_hal_usart.o(i.USART_WaitOnFlagUntilTimeout), (128 bytes).
    Removing stm32f1xx_hal_wwdg.o(.rev16_text), (4 bytes).
    Removing stm32f1xx_hal_wwdg.o(.revsh_text), (4 bytes).
    Removing stm32f1xx_hal_wwdg.o(.rrx_text), (6 bytes).
    Removing stm32f1xx_hal_wwdg.o(i.HAL_WWDG_EarlyWakeupCallback), (2 bytes).
    Removing stm32f1xx_hal_wwdg.o(i.HAL_WWDG_IRQHandler), (40 bytes).
    Removing stm32f1xx_hal_wwdg.o(i.HAL_WWDG_Init), (44 bytes).
    Removing stm32f1xx_hal_wwdg.o(i.HAL_WWDG_MspInit), (2 bytes).
    Removing stm32f1xx_hal_wwdg.o(i.HAL_WWDG_Refresh), (12 bytes).
    Removing stm32f1xx_ll_fsmc.o(.rev16_text), (4 bytes).
    Removing stm32f1xx_ll_fsmc.o(.revsh_text), (4 bytes).
    Removing stm32f1xx_ll_fsmc.o(.rrx_text), (6 bytes).
    Removing stm32f1xx_ll_sdmmc.o(.rev16_text), (4 bytes).
    Removing stm32f1xx_ll_sdmmc.o(.revsh_text), (4 bytes).
    Removing stm32f1xx_ll_sdmmc.o(.rrx_text), (6 bytes).
    Removing stm32f1xx_ll_usb.o(.rev16_text), (4 bytes).
    Removing stm32f1xx_ll_usb.o(.revsh_text), (4 bytes).
    Removing stm32f1xx_ll_usb.o(.rrx_text), (6 bytes).
    Removing stm32f1xx_ll_usb.o(i.USB_ActivateEndpoint), (1174 bytes).
    Removing stm32f1xx_ll_usb.o(i.USB_ActivateRemoteWakeup), (18 bytes).
    Removing stm32f1xx_ll_usb.o(i.USB_ClearInterrupts), (2 bytes).
    Removing stm32f1xx_ll_usb.o(i.USB_CoreInit), (8 bytes).
    Removing stm32f1xx_ll_usb.o(i.USB_DeActivateRemoteWakeup), (18 bytes).
    Removing stm32f1xx_ll_usb.o(i.USB_DeactivateEndpoint), (636 bytes).
    Removing stm32f1xx_ll_usb.o(i.USB_DevConnect), (6 bytes).
    Removing stm32f1xx_ll_usb.o(i.USB_DevDisconnect), (6 bytes).
    Removing stm32f1xx_ll_usb.o(i.USB_DevInit), (30 bytes).
    Removing stm32f1xx_ll_usb.o(i.USB_DisableGlobalInt), (20 bytes).
    Removing stm32f1xx_ll_usb.o(i.USB_EP0_OutStart), (6 bytes).
    Removing stm32f1xx_ll_usb.o(i.USB_EPClearStall), (218 bytes).
    Removing stm32f1xx_ll_usb.o(i.USB_EPSetStall), (92 bytes).
    Removing stm32f1xx_ll_usb.o(i.USB_EPStartXfer), (1108 bytes).
    Removing stm32f1xx_ll_usb.o(i.USB_EnableGlobalInt), (20 bytes).
    Removing stm32f1xx_ll_usb.o(i.USB_FlushRxFifo), (6 bytes).
    Removing stm32f1xx_ll_usb.o(i.USB_FlushTxFifo), (6 bytes).
    Removing stm32f1xx_ll_usb.o(i.USB_ReadDevAllInEpInterrupt), (6 bytes).
    Removing stm32f1xx_ll_usb.o(i.USB_ReadDevAllOutEpInterrupt), (6 bytes).
    Removing stm32f1xx_ll_usb.o(i.USB_ReadDevInEPInterrupt), (6 bytes).
    Removing stm32f1xx_ll_usb.o(i.USB_ReadDevOutEPInterrupt), (6 bytes).
    Removing stm32f1xx_ll_usb.o(i.USB_ReadInterrupts), (8 bytes).
    Removing stm32f1xx_ll_usb.o(i.USB_ReadPMA), (74 bytes).
    Removing stm32f1xx_ll_usb.o(i.USB_ReadPacket), (6 bytes).
    Removing stm32f1xx_ll_usb.o(i.USB_SetCurrentMode), (6 bytes).
    Removing stm32f1xx_ll_usb.o(i.USB_SetDevAddress), (14 bytes).
    Removing stm32f1xx_ll_usb.o(i.USB_SetDevSpeed), (6 bytes).
    Removing stm32f1xx_ll_usb.o(i.USB_StopDevice), (22 bytes).
    Removing stm32f1xx_ll_usb.o(i.USB_WritePMA), (66 bytes).
    Removing stm32f1xx_ll_usb.o(i.USB_WritePacket), (8 bytes).
    Removing stm32f1xx_ll_utils.o(.rev16_text), (4 bytes).
    Removing stm32f1xx_ll_utils.o(.revsh_text), (4 bytes).
    Removing stm32f1xx_ll_utils.o(.rrx_text), (6 bytes).
    Removing stm32f1xx_ll_utils.o(i.LL_Init1msTick), (28 bytes).
    Removing stm32f1xx_ll_utils.o(i.LL_PLL_ConfigSystemClock_HSE), (148 bytes).
    Removing stm32f1xx_ll_utils.o(i.LL_PLL_ConfigSystemClock_HSI), (104 bytes).
    Removing stm32f1xx_ll_utils.o(i.LL_RCC_HSE_IsReady), (16 bytes).
    Removing stm32f1xx_ll_utils.o(i.LL_RCC_HSI_IsReady), (16 bytes).
    Removing stm32f1xx_ll_utils.o(i.LL_RCC_PLL_ConfigDomain_SYS), (28 bytes).
    Removing stm32f1xx_ll_utils.o(i.LL_RCC_PLL_IsReady), (16 bytes).
    Removing stm32f1xx_ll_utils.o(i.LL_SetSystemCoreClock), (12 bytes).
    Removing stm32f1xx_ll_utils.o(i.LL_mDelay), (40 bytes).
    Removing stm32f1xx_ll_utils.o(i.UTILS_EnablePLLAndSwitchSystem), (216 bytes).
    Removing stm32f1xx_ll_utils.o(i.UTILS_GetPLLOutputFrequency), (32 bytes).
    Removing stm32f1xx_ll_utils.o(i.UTILS_PLL_IsBusy), (16 bytes).
    Removing stm32f1xx_ll_utils.o(i.UTILS_SetFlashLatency), (80 bytes).
    Removing startup_stm32f103xb.o(HEAP), (512 bytes).
    Removing delay.o(.rev16_text), (4 bytes).
    Removing delay.o(.revsh_text), (4 bytes).
    Removing delay.o(.rrx_text), (6 bytes).
    Removing delay.o(i.Delay_us), (76 bytes).
    Removing ec11.o(.rev16_text), (4 bytes).
    Removing ec11.o(.revsh_text), (4 bytes).
    Removing ec11.o(.rrx_text), (6 bytes).
    Removing encoder.o(.rev16_text), (4 bytes).
    Removing encoder.o(.revsh_text), (4 bytes).
    Removing encoder.o(.rrx_text), (6 bytes).
    Removing main.o(.rev16_text), (4 bytes).
    Removing main.o(.revsh_text), (4 bytes).
    Removing main.o(.rrx_text), (6 bytes).
    Removing main.o(.bss), (1024 bytes).
    Removing motor.o(.rev16_text), (4 bytes).
    Removing motor.o(.revsh_text), (4 bytes).
    Removing motor.o(.rrx_text), (6 bytes).
    Removing oled.o(.rev16_text), (4 bytes).
    Removing oled.o(.revsh_text), (4 bytes).
    Removing oled.o(.rrx_text), (6 bytes).
    Removing oled.o(i.OLED_Clear), (240 bytes).
    Removing oled.o(i.OLED_Display_OFF), (28 bytes).
    Removing oled.o(i.OLED_Display_ON), (28 bytes).
    Removing oled.o(i.OLED_Set_Display_Position), (42 bytes).
    Removing oled.o(i.OLED_Set_Position), (46 bytes).
    Removing rcc.o(.rev16_text), (4 bytes).
    Removing rcc.o(.revsh_text), (4 bytes).
    Removing rcc.o(.rrx_text), (6 bytes).
    Removing tim4.o(.rev16_text), (4 bytes).
    Removing tim4.o(.revsh_text), (4 bytes).
    Removing tim4.o(.rrx_text), (6 bytes).
    Removing usart1.o(.rev16_text), (4 bytes).
    Removing usart1.o(.revsh_text), (4 bytes).
    Removing usart1.o(.rrx_text), (6 bytes).
    Removing usart1.o(i.UART1_Transmit), (72 bytes).
    Removing spi2.o(.rev16_text), (4 bytes).
    Removing spi2.o(.revsh_text), (4 bytes).
    Removing spi2.o(.rrx_text), (6 bytes).

962 unused section(s) (total 83230 bytes) removed from the image.

==============================================================================

Image Symbol Table

    Local Symbols

    Symbol Name                              Value     Ov Type        Size  Object(Section)

    ../clib/../cmprslib/lz77c.c              0x00000000   Number         0  __dclz77c.o ABSOLUTE
    ../clib/microlib/division.c              0x00000000   Number         0  uldiv.o ABSOLUTE
    ../clib/microlib/division.c              0x00000000   Number         0  uidiv.o ABSOLUTE
    ../clib/microlib/init/entry.s            0x00000000   Number         0  entry7b.o ABSOLUTE
    ../clib/microlib/init/entry.s            0x00000000   Number         0  entry8a.o ABSOLUTE
    ../clib/microlib/init/entry.s            0x00000000   Number         0  entry8b.o ABSOLUTE
    ../clib/microlib/init/entry.s            0x00000000   Number         0  entry11b.o ABSOLUTE
    ../clib/microlib/init/entry.s            0x00000000   Number         0  entry9a.o ABSOLUTE
    ../clib/microlib/init/entry.s            0x00000000   Number         0  entry5.o ABSOLUTE
    ../clib/microlib/init/entry.s            0x00000000   Number         0  entry11a.o ABSOLUTE
    ../clib/microlib/init/entry.s            0x00000000   Number         0  entry10b.o ABSOLUTE
    ../clib/microlib/init/entry.s            0x00000000   Number         0  entry9b.o ABSOLUTE
    ../clib/microlib/init/entry.s            0x00000000   Number         0  entry10a.o ABSOLUTE
    ../clib/microlib/init/entry.s            0x00000000   Number         0  entry2.o ABSOLUTE
    ../clib/microlib/init/entry.s            0x00000000   Number         0  entry.o ABSOLUTE
    ../clib/microlib/init/entry.s            0x00000000   Number         0  entry7a.o ABSOLUTE
    ../clib/microlib/longlong.c              0x00000000   Number         0  llshl.o ABSOLUTE
    ../clib/microlib/longlong.c              0x00000000   Number         0  llsshr.o ABSOLUTE
    ../clib/microlib/longlong.c              0x00000000   Number         0  llushr.o ABSOLUTE
    ../clib/microlib/printf/printf.c         0x00000000   Number         0  printf0.o ABSOLUTE
    ../clib/microlib/printf/printf.c         0x00000000   Number         0  printf1.o ABSOLUTE
    ../clib/microlib/printf/printf.c         0x00000000   Number         0  printf2.o ABSOLUTE
    ../clib/microlib/printf/printf.c         0x00000000   Number         0  printf3.o ABSOLUTE
    ../clib/microlib/printf/printf.c         0x00000000   Number         0  printf4.o ABSOLUTE
    ../clib/microlib/printf/printf.c         0x00000000   Number         0  printf5.o ABSOLUTE
    ../clib/microlib/printf/printf.c         0x00000000   Number         0  printf6.o ABSOLUTE
    ../clib/microlib/printf/printf.c         0x00000000   Number         0  printf7.o ABSOLUTE
    ../clib/microlib/printf/printf.c         0x00000000   Number         0  printf8.o ABSOLUTE
    ../clib/microlib/printf/printf.c         0x00000000   Number         0  printfa.o ABSOLUTE
    ../clib/microlib/printf/printf.c         0x00000000   Number         0  printfb.o ABSOLUTE
    ../clib/microlib/printf/stubs.s          0x00000000   Number         0  stubs.o ABSOLUTE
    ../clib/microlib/stdio/streams.c         0x00000000   Number         0  stdout.o ABSOLUTE
    ../clib/microlib/string/memcpy.c         0x00000000   Number         0  memcpya.o ABSOLUTE
    ../clib/microlib/string/memcpy.c         0x00000000   Number         0  memcpyb.o ABSOLUTE
    ../clib/microlib/string/memset.c         0x00000000   Number         0  memseta.o ABSOLUTE
    ../clib/microlib/stubs.s                 0x00000000   Number         0  iusefp.o ABSOLUTE
    ../fplib/microlib/f2d.c                  0x00000000   Number         0  f2d.o ABSOLUTE
    ../fplib/microlib/fpadd.c                0x00000000   Number         0  dadd.o ABSOLUTE
    ../fplib/microlib/fpdiv.c                0x00000000   Number         0  ddiv.o ABSOLUTE
    ../fplib/microlib/fpdiv.c                0x00000000   Number         0  fdiv.o ABSOLUTE
    ../fplib/microlib/fpepilogue.c           0x00000000   Number         0  depilogue.o ABSOLUTE
    ../fplib/microlib/fpepilogue.c           0x00000000   Number         0  fepilogue.o ABSOLUTE
    ../fplib/microlib/fpfix.c                0x00000000   Number         0  ffixui.o ABSOLUTE
    ../fplib/microlib/fpfix.c                0x00000000   Number         0  dfixul.o ABSOLUTE
    ../fplib/microlib/fpflt.c                0x00000000   Number         0  ffltui.o ABSOLUTE
    ../fplib/microlib/fpmul.c                0x00000000   Number         0  dmul.o ABSOLUTE
    ../fplib/microlib/fpmul.c                0x00000000   Number         0  fmul.o ABSOLUTE
    ..\CMSIS\stm32f10x_it.c                  0x00000000   Number         0  stm32f10x_it.o ABSOLUTE
    ..\CMSIS\system_stm32f1xx.c              0x00000000   Number         0  system_stm32f1xx.o ABSOLUTE
    ..\HAL_Library\Src\stm32f1xx_hal.c       0x00000000   Number         0  stm32f1xx_hal.o ABSOLUTE
    ..\HAL_Library\Src\stm32f1xx_hal_adc.c   0x00000000   Number         0  stm32f1xx_hal_adc.o ABSOLUTE
    ..\HAL_Library\Src\stm32f1xx_hal_adc_ex.c 0x00000000   Number         0  stm32f1xx_hal_adc_ex.o ABSOLUTE
    ..\HAL_Library\Src\stm32f1xx_hal_can.c   0x00000000   Number         0  stm32f1xx_hal_can.o ABSOLUTE
    ..\HAL_Library\Src\stm32f1xx_hal_cec.c   0x00000000   Number         0  stm32f1xx_hal_cec.o ABSOLUTE
    ..\HAL_Library\Src\stm32f1xx_hal_cortex.c 0x00000000   Number         0  stm32f1xx_hal_cortex.o ABSOLUTE
    ..\HAL_Library\Src\stm32f1xx_hal_crc.c   0x00000000   Number         0  stm32f1xx_hal_crc.o ABSOLUTE
    ..\HAL_Library\Src\stm32f1xx_hal_dac.c   0x00000000   Number         0  stm32f1xx_hal_dac.o ABSOLUTE
    ..\HAL_Library\Src\stm32f1xx_hal_dac_ex.c 0x00000000   Number         0  stm32f1xx_hal_dac_ex.o ABSOLUTE
    ..\HAL_Library\Src\stm32f1xx_hal_dma.c   0x00000000   Number         0  stm32f1xx_hal_dma.o ABSOLUTE
    ..\HAL_Library\Src\stm32f1xx_hal_eth.c   0x00000000   Number         0  stm32f1xx_hal_eth.o ABSOLUTE
    ..\HAL_Library\Src\stm32f1xx_hal_exti.c  0x00000000   Number         0  stm32f1xx_hal_exti.o ABSOLUTE
    ..\HAL_Library\Src\stm32f1xx_hal_flash.c 0x00000000   Number         0  stm32f1xx_hal_flash.o ABSOLUTE
    ..\HAL_Library\Src\stm32f1xx_hal_flash_ex.c 0x00000000   Number         0  stm32f1xx_hal_flash_ex.o ABSOLUTE
    ..\HAL_Library\Src\stm32f1xx_hal_gpio.c  0x00000000   Number         0  stm32f1xx_hal_gpio.o ABSOLUTE
    ..\HAL_Library\Src\stm32f1xx_hal_gpio_ex.c 0x00000000   Number         0  stm32f1xx_hal_gpio_ex.o ABSOLUTE
    ..\HAL_Library\Src\stm32f1xx_hal_hcd.c   0x00000000   Number         0  stm32f1xx_hal_hcd.o ABSOLUTE
    ..\HAL_Library\Src\stm32f1xx_hal_i2c.c   0x00000000   Number         0  stm32f1xx_hal_i2c.o ABSOLUTE
    ..\HAL_Library\Src\stm32f1xx_hal_i2s.c   0x00000000   Number         0  stm32f1xx_hal_i2s.o ABSOLUTE
    ..\HAL_Library\Src\stm32f1xx_hal_irda.c  0x00000000   Number         0  stm32f1xx_hal_irda.o ABSOLUTE
    ..\HAL_Library\Src\stm32f1xx_hal_iwdg.c  0x00000000   Number         0  stm32f1xx_hal_iwdg.o ABSOLUTE
    ..\HAL_Library\Src\stm32f1xx_hal_mmc.c   0x00000000   Number         0  stm32f1xx_hal_mmc.o ABSOLUTE
    ..\HAL_Library\Src\stm32f1xx_hal_nand.c  0x00000000   Number         0  stm32f1xx_hal_nand.o ABSOLUTE
    ..\HAL_Library\Src\stm32f1xx_hal_nor.c   0x00000000   Number         0  stm32f1xx_hal_nor.o ABSOLUTE
    ..\HAL_Library\Src\stm32f1xx_hal_pccard.c 0x00000000   Number         0  stm32f1xx_hal_pccard.o ABSOLUTE
    ..\HAL_Library\Src\stm32f1xx_hal_pcd.c   0x00000000   Number         0  stm32f1xx_hal_pcd.o ABSOLUTE
    ..\HAL_Library\Src\stm32f1xx_hal_pcd_ex.c 0x00000000   Number         0  stm32f1xx_hal_pcd_ex.o ABSOLUTE
    ..\HAL_Library\Src\stm32f1xx_hal_pwr.c   0x00000000   Number         0  stm32f1xx_hal_pwr.o ABSOLUTE
    ..\HAL_Library\Src\stm32f1xx_hal_rcc.c   0x00000000   Number         0  stm32f1xx_hal_rcc.o ABSOLUTE
    ..\HAL_Library\Src\stm32f1xx_hal_rcc_ex.c 0x00000000   Number         0  stm32f1xx_hal_rcc_ex.o ABSOLUTE
    ..\HAL_Library\Src\stm32f1xx_hal_rtc.c   0x00000000   Number         0  stm32f1xx_hal_rtc.o ABSOLUTE
    ..\HAL_Library\Src\stm32f1xx_hal_rtc_ex.c 0x00000000   Number         0  stm32f1xx_hal_rtc_ex.o ABSOLUTE
    ..\HAL_Library\Src\stm32f1xx_hal_sd.c    0x00000000   Number         0  stm32f1xx_hal_sd.o ABSOLUTE
    ..\HAL_Library\Src\stm32f1xx_hal_smartcard.c 0x00000000   Number         0  stm32f1xx_hal_smartcard.o ABSOLUTE
    ..\HAL_Library\Src\stm32f1xx_hal_spi.c   0x00000000   Number         0  stm32f1xx_hal_spi.o ABSOLUTE
    ..\HAL_Library\Src\stm32f1xx_hal_sram.c  0x00000000   Number         0  stm32f1xx_hal_sram.o ABSOLUTE
    ..\HAL_Library\Src\stm32f1xx_hal_tim.c   0x00000000   Number         0  stm32f1xx_hal_tim.o ABSOLUTE
    ..\HAL_Library\Src\stm32f1xx_hal_tim_ex.c 0x00000000   Number         0  stm32f1xx_hal_tim_ex.o ABSOLUTE
    ..\HAL_Library\Src\stm32f1xx_hal_uart.c  0x00000000   Number         0  stm32f1xx_hal_uart.o ABSOLUTE
    ..\HAL_Library\Src\stm32f1xx_hal_usart.c 0x00000000   Number         0  stm32f1xx_hal_usart.o ABSOLUTE
    ..\HAL_Library\Src\stm32f1xx_hal_wwdg.c  0x00000000   Number         0  stm32f1xx_hal_wwdg.o ABSOLUTE
    ..\HAL_Library\Src\stm32f1xx_ll_adc.c    0x00000000   Number         0  stm32f1xx_ll_adc.o ABSOLUTE
    ..\HAL_Library\Src\stm32f1xx_ll_crc.c    0x00000000   Number         0  stm32f1xx_ll_crc.o ABSOLUTE
    ..\HAL_Library\Src\stm32f1xx_ll_dac.c    0x00000000   Number         0  stm32f1xx_ll_dac.o ABSOLUTE
    ..\HAL_Library\Src\stm32f1xx_ll_dma.c    0x00000000   Number         0  stm32f1xx_ll_dma.o ABSOLUTE
    ..\HAL_Library\Src\stm32f1xx_ll_exti.c   0x00000000   Number         0  stm32f1xx_ll_exti.o ABSOLUTE
    ..\HAL_Library\Src\stm32f1xx_ll_fsmc.c   0x00000000   Number         0  stm32f1xx_ll_fsmc.o ABSOLUTE
    ..\HAL_Library\Src\stm32f1xx_ll_gpio.c   0x00000000   Number         0  stm32f1xx_ll_gpio.o ABSOLUTE
    ..\HAL_Library\Src\stm32f1xx_ll_i2c.c    0x00000000   Number         0  stm32f1xx_ll_i2c.o ABSOLUTE
    ..\HAL_Library\Src\stm32f1xx_ll_pwr.c    0x00000000   Number         0  stm32f1xx_ll_pwr.o ABSOLUTE
    ..\HAL_Library\Src\stm32f1xx_ll_rcc.c    0x00000000   Number         0  stm32f1xx_ll_rcc.o ABSOLUTE
    ..\HAL_Library\Src\stm32f1xx_ll_rtc.c    0x00000000   Number         0  stm32f1xx_ll_rtc.o ABSOLUTE
    ..\HAL_Library\Src\stm32f1xx_ll_sdmmc.c  0x00000000   Number         0  stm32f1xx_ll_sdmmc.o ABSOLUTE
    ..\HAL_Library\Src\stm32f1xx_ll_spi.c    0x00000000   Number         0  stm32f1xx_ll_spi.o ABSOLUTE
    ..\HAL_Library\Src\stm32f1xx_ll_tim.c    0x00000000   Number         0  stm32f1xx_ll_tim.o ABSOLUTE
    ..\HAL_Library\Src\stm32f1xx_ll_usart.c  0x00000000   Number         0  stm32f1xx_ll_usart.o ABSOLUTE
    ..\HAL_Library\Src\stm32f1xx_ll_usb.c    0x00000000   Number         0  stm32f1xx_ll_usb.o ABSOLUTE
    ..\HAL_Library\Src\stm32f1xx_ll_utils.c  0x00000000   Number         0  stm32f1xx_ll_utils.o ABSOLUTE
    ..\StartUp\startup_stm32f103xb.s         0x00000000   Number         0  startup_stm32f103xb.o ABSOLUTE
    ..\User\Delay.c                          0x00000000   Number         0  delay.o ABSOLUTE
    ..\User\EC11.c                           0x00000000   Number         0  ec11.o ABSOLUTE
    ..\User\Encoder.c                        0x00000000   Number         0  encoder.o ABSOLUTE
    ..\User\Motor.c                          0x00000000   Number         0  motor.o ABSOLUTE
    ..\User\OLED.c                           0x00000000   Number         0  oled.o ABSOLUTE
    ..\User\RCC.c                            0x00000000   Number         0  rcc.o ABSOLUTE
    ..\User\SPI2.c                           0x00000000   Number         0  spi2.o ABSOLUTE
    ..\User\TIM4.c                           0x00000000   Number         0  tim4.o ABSOLUTE
    ..\User\USART1.c                         0x00000000   Number         0  usart1.o ABSOLUTE
    ..\User\main.c                           0x00000000   Number         0  main.o ABSOLUTE
    ..\\CMSIS\\stm32f10x_it.c                0x00000000   Number         0  stm32f10x_it.o ABSOLUTE
    ..\\CMSIS\\system_stm32f1xx.c            0x00000000   Number         0  system_stm32f1xx.o ABSOLUTE
    ..\\HAL_Library\\Src\\stm32f1xx_hal.c    0x00000000   Number         0  stm32f1xx_hal.o ABSOLUTE
    ..\\HAL_Library\\Src\\stm32f1xx_hal_adc.c 0x00000000   Number         0  stm32f1xx_hal_adc.o ABSOLUTE
    ..\\HAL_Library\\Src\\stm32f1xx_hal_adc_ex.c 0x00000000   Number         0  stm32f1xx_hal_adc_ex.o ABSOLUTE
    ..\\HAL_Library\\Src\\stm32f1xx_hal_can.c 0x00000000   Number         0  stm32f1xx_hal_can.o ABSOLUTE
    ..\\HAL_Library\\Src\\stm32f1xx_hal_cec.c 0x00000000   Number         0  stm32f1xx_hal_cec.o ABSOLUTE
    ..\\HAL_Library\\Src\\stm32f1xx_hal_cortex.c 0x00000000   Number         0  stm32f1xx_hal_cortex.o ABSOLUTE
    ..\\HAL_Library\\Src\\stm32f1xx_hal_crc.c 0x00000000   Number         0  stm32f1xx_hal_crc.o ABSOLUTE
    ..\\HAL_Library\\Src\\stm32f1xx_hal_dac.c 0x00000000   Number         0  stm32f1xx_hal_dac.o ABSOLUTE
    ..\\HAL_Library\\Src\\stm32f1xx_hal_dac_ex.c 0x00000000   Number         0  stm32f1xx_hal_dac_ex.o ABSOLUTE
    ..\\HAL_Library\\Src\\stm32f1xx_hal_dma.c 0x00000000   Number         0  stm32f1xx_hal_dma.o ABSOLUTE
    ..\\HAL_Library\\Src\\stm32f1xx_hal_eth.c 0x00000000   Number         0  stm32f1xx_hal_eth.o ABSOLUTE
    ..\\HAL_Library\\Src\\stm32f1xx_hal_exti.c 0x00000000   Number         0  stm32f1xx_hal_exti.o ABSOLUTE
    ..\\HAL_Library\\Src\\stm32f1xx_hal_flash.c 0x00000000   Number         0  stm32f1xx_hal_flash.o ABSOLUTE
    ..\\HAL_Library\\Src\\stm32f1xx_hal_flash_ex.c 0x00000000   Number         0  stm32f1xx_hal_flash_ex.o ABSOLUTE
    ..\\HAL_Library\\Src\\stm32f1xx_hal_gpio.c 0x00000000   Number         0  stm32f1xx_hal_gpio.o ABSOLUTE
    ..\\HAL_Library\\Src\\stm32f1xx_hal_gpio_ex.c 0x00000000   Number         0  stm32f1xx_hal_gpio_ex.o ABSOLUTE
    ..\\HAL_Library\\Src\\stm32f1xx_hal_hcd.c 0x00000000   Number         0  stm32f1xx_hal_hcd.o ABSOLUTE
    ..\\HAL_Library\\Src\\stm32f1xx_hal_i2c.c 0x00000000   Number         0  stm32f1xx_hal_i2c.o ABSOLUTE
    ..\\HAL_Library\\Src\\stm32f1xx_hal_i2s.c 0x00000000   Number         0  stm32f1xx_hal_i2s.o ABSOLUTE
    ..\\HAL_Library\\Src\\stm32f1xx_hal_irda.c 0x00000000   Number         0  stm32f1xx_hal_irda.o ABSOLUTE
    ..\\HAL_Library\\Src\\stm32f1xx_hal_iwdg.c 0x00000000   Number         0  stm32f1xx_hal_iwdg.o ABSOLUTE
    ..\\HAL_Library\\Src\\stm32f1xx_hal_mmc.c 0x00000000   Number         0  stm32f1xx_hal_mmc.o ABSOLUTE
    ..\\HAL_Library\\Src\\stm32f1xx_hal_nand.c 0x00000000   Number         0  stm32f1xx_hal_nand.o ABSOLUTE
    ..\\HAL_Library\\Src\\stm32f1xx_hal_nor.c 0x00000000   Number         0  stm32f1xx_hal_nor.o ABSOLUTE
    ..\\HAL_Library\\Src\\stm32f1xx_hal_pccard.c 0x00000000   Number         0  stm32f1xx_hal_pccard.o ABSOLUTE
    ..\\HAL_Library\\Src\\stm32f1xx_hal_pcd.c 0x00000000   Number         0  stm32f1xx_hal_pcd.o ABSOLUTE
    ..\\HAL_Library\\Src\\stm32f1xx_hal_pcd_ex.c 0x00000000   Number         0  stm32f1xx_hal_pcd_ex.o ABSOLUTE
    ..\\HAL_Library\\Src\\stm32f1xx_hal_pwr.c 0x00000000   Number         0  stm32f1xx_hal_pwr.o ABSOLUTE
    ..\\HAL_Library\\Src\\stm32f1xx_hal_rcc.c 0x00000000   Number         0  stm32f1xx_hal_rcc.o ABSOLUTE
    ..\\HAL_Library\\Src\\stm32f1xx_hal_rcc_ex.c 0x00000000   Number         0  stm32f1xx_hal_rcc_ex.o ABSOLUTE
    ..\\HAL_Library\\Src\\stm32f1xx_hal_rtc.c 0x00000000   Number         0  stm32f1xx_hal_rtc.o ABSOLUTE
    ..\\HAL_Library\\Src\\stm32f1xx_hal_rtc_ex.c 0x00000000   Number         0  stm32f1xx_hal_rtc_ex.o ABSOLUTE
    ..\\HAL_Library\\Src\\stm32f1xx_hal_sd.c 0x00000000   Number         0  stm32f1xx_hal_sd.o ABSOLUTE
    ..\\HAL_Library\\Src\\stm32f1xx_hal_smartcard.c 0x00000000   Number         0  stm32f1xx_hal_smartcard.o ABSOLUTE
    ..\\HAL_Library\\Src\\stm32f1xx_hal_spi.c 0x00000000   Number         0  stm32f1xx_hal_spi.o ABSOLUTE
    ..\\HAL_Library\\Src\\stm32f1xx_hal_sram.c 0x00000000   Number         0  stm32f1xx_hal_sram.o ABSOLUTE
    ..\\HAL_Library\\Src\\stm32f1xx_hal_tim.c 0x00000000   Number         0  stm32f1xx_hal_tim.o ABSOLUTE
    ..\\HAL_Library\\Src\\stm32f1xx_hal_tim_ex.c 0x00000000   Number         0  stm32f1xx_hal_tim_ex.o ABSOLUTE
    ..\\HAL_Library\\Src\\stm32f1xx_hal_uart.c 0x00000000   Number         0  stm32f1xx_hal_uart.o ABSOLUTE
    ..\\HAL_Library\\Src\\stm32f1xx_hal_usart.c 0x00000000   Number         0  stm32f1xx_hal_usart.o ABSOLUTE
    ..\\HAL_Library\\Src\\stm32f1xx_hal_wwdg.c 0x00000000   Number         0  stm32f1xx_hal_wwdg.o ABSOLUTE
    ..\\HAL_Library\\Src\\stm32f1xx_ll_fsmc.c 0x00000000   Number         0  stm32f1xx_ll_fsmc.o ABSOLUTE
    ..\\HAL_Library\\Src\\stm32f1xx_ll_sdmmc.c 0x00000000   Number         0  stm32f1xx_ll_sdmmc.o ABSOLUTE
    ..\\HAL_Library\\Src\\stm32f1xx_ll_usb.c 0x00000000   Number         0  stm32f1xx_ll_usb.o ABSOLUTE
    ..\\HAL_Library\\Src\\stm32f1xx_ll_utils.c 0x00000000   Number         0  stm32f1xx_ll_utils.o ABSOLUTE
    ..\\User\\Delay.c                        0x00000000   Number         0  delay.o ABSOLUTE
    ..\\User\\EC11.c                         0x00000000   Number         0  ec11.o ABSOLUTE
    ..\\User\\Encoder.c                      0x00000000   Number         0  encoder.o ABSOLUTE
    ..\\User\\Motor.c                        0x00000000   Number         0  motor.o ABSOLUTE
    ..\\User\\OLED.c                         0x00000000   Number         0  oled.o ABSOLUTE
    ..\\User\\RCC.c                          0x00000000   Number         0  rcc.o ABSOLUTE
    ..\\User\\SPI2.c                         0x00000000   Number         0  spi2.o ABSOLUTE
    ..\\User\\TIM4.c                         0x00000000   Number         0  tim4.o ABSOLUTE
    ..\\User\\USART1.c                       0x00000000   Number         0  usart1.o ABSOLUTE
    ..\\User\\main.c                         0x00000000   Number         0  main.o ABSOLUTE
    cdrcmple.s                               0x00000000   Number         0  cdrcmple.o ABSOLUTE
    dc.s                                     0x00000000   Number         0  dc.o ABSOLUTE
    handlers.s                               0x00000000   Number         0  handlers.o ABSOLUTE
    init.s                                   0x00000000   Number         0  init.o ABSOLUTE
    RESET                                    0x08000000   Section      236  startup_stm32f103xb.o(RESET)
    .ARM.Collect$$$$00000000                 0x080000ec   Section        0  entry.o(.ARM.Collect$$$$00000000)
    .ARM.Collect$$$$00000001                 0x080000ec   Section        4  entry2.o(.ARM.Collect$$$$00000001)
    .ARM.Collect$$$$00000004                 0x080000f0   Section        4  entry5.o(.ARM.Collect$$$$00000004)
    .ARM.Collect$$$$00000008                 0x080000f4   Section        0  entry7b.o(.ARM.Collect$$$$00000008)
    .ARM.Collect$$$$0000000A                 0x080000f4   Section        0  entry8b.o(.ARM.Collect$$$$0000000A)
    .ARM.Collect$$$$0000000B                 0x080000f4   Section        8  entry9a.o(.ARM.Collect$$$$0000000B)
    .ARM.Collect$$$$0000000D                 0x080000fc   Section        0  entry10a.o(.ARM.Collect$$$$0000000D)
    .ARM.Collect$$$$0000000F                 0x080000fc   Section        0  entry11a.o(.ARM.Collect$$$$0000000F)
    .ARM.Collect$$$$00002712                 0x080000fc   Section        4  entry2.o(.ARM.Collect$$$$00002712)
    __lit__00000000                          0x080000fc   Data           4  entry2.o(.ARM.Collect$$$$00002712)
    .text                                    0x08000100   Section       36  startup_stm32f103xb.o(.text)
    .text                                    0x08000124   Section        0  llushr.o(.text)
    .text                                    0x08000144   Section        0  memseta.o(.text)
    .text                                    0x08000168   Section        0  fmul.o(.text)
    .text                                    0x080001cc   Section        0  fdiv.o(.text)
    .text                                    0x08000248   Section        0  ffltui.o(.text)
    .text                                    0x08000252   Section        0  ffixui.o(.text)
    .text                                    0x0800027a   Section        0  f2d.o(.text)
    .text                                    0x080002a0   Section        0  uidiv.o(.text)
    .text                                    0x080002cc   Section        0  uldiv.o(.text)
    .text                                    0x0800032e   Section        0  iusefp.o(.text)
    .text                                    0x0800032e   Section        0  fepilogue.o(.text)
    .text                                    0x0800039c   Section        0  dadd.o(.text)
    .text                                    0x080004ea   Section        0  dmul.o(.text)
    .text                                    0x080005ce   Section        0  ddiv.o(.text)
    .text                                    0x080006ac   Section        0  dfixul.o(.text)
    .text                                    0x080006dc   Section       48  cdrcmple.o(.text)
    .text                                    0x0800070c   Section       36  init.o(.text)
    .text                                    0x08000730   Section        0  llshl.o(.text)
    .text                                    0x0800074e   Section        0  llsshr.o(.text)
    .text                                    0x08000772   Section        0  depilogue.o(.text)
    .text                                    0x0800082c   Section        0  __dclz77c.o(.text)
    i.BusFault_Handler                       0x0800088a   Section        0  stm32f10x_it.o(i.BusFault_Handler)
    i.DebugMon_Handler                       0x0800088e   Section        0  stm32f10x_it.o(i.DebugMon_Handler)
    i.Delay_Init                             0x08000890   Section        0  delay.o(i.Delay_Init)
    i.Delay_ms                               0x080008ac   Section        0  delay.o(i.Delay_ms)
    i.EC11_Count                             0x080008fc   Section        0  ec11.o(i.EC11_Count)
    i.EC11_Init                              0x080009a0   Section        0  ec11.o(i.EC11_Init)
    i.EC11_Speed_Display                     0x08000a90   Section        0  ec11.o(i.EC11_Speed_Display)
    i.Encoder_Init                           0x08000b58   Section        0  encoder.o(i.Encoder_Init)
    i.Encoder_Speed_Display                  0x08000c44   Section        0  encoder.o(i.Encoder_Speed_Display)
    i.Encoder_Speed_Test                     0x08000d68   Section        0  encoder.o(i.Encoder_Speed_Test)
    i.HAL_GPIO_Init                          0x08000e5c   Section        0  stm32f1xx_hal_gpio.o(i.HAL_GPIO_Init)
    i.HAL_GPIO_WritePin                      0x0800117c   Section        0  stm32f1xx_hal_gpio.o(i.HAL_GPIO_WritePin)
    i.HAL_GetTick                            0x08001188   Section        0  stm32f1xx_hal.o(i.HAL_GetTick)
    i.HAL_InitTick                           0x08001194   Section        0  stm32f1xx_hal.o(i.HAL_InitTick)
    i.HAL_NVIC_SetPriority                   0x080011e0   Section        0  stm32f1xx_hal_cortex.o(i.HAL_NVIC_SetPriority)
    i.HAL_RCC_ClockConfig                    0x0800125c   Section        0  stm32f1xx_hal_rcc.o(i.HAL_RCC_ClockConfig)
    i.HAL_RCC_GetHCLKFreq                    0x080013e8   Section        0  stm32f1xx_hal_rcc.o(i.HAL_RCC_GetHCLKFreq)
    i.HAL_RCC_GetPCLK1Freq                   0x080013f4   Section        0  stm32f1xx_hal_rcc.o(i.HAL_RCC_GetPCLK1Freq)
    i.HAL_RCC_GetPCLK2Freq                   0x08001414   Section        0  stm32f1xx_hal_rcc.o(i.HAL_RCC_GetPCLK2Freq)
    i.HAL_RCC_GetSysClockFreq                0x08001434   Section        0  stm32f1xx_hal_rcc.o(i.HAL_RCC_GetSysClockFreq)
    i.HAL_RCC_OscConfig                      0x080014c8   Section        0  stm32f1xx_hal_rcc.o(i.HAL_RCC_OscConfig)
    i.HAL_SPI_Init                           0x0800192c   Section        0  stm32f1xx_hal_spi.o(i.HAL_SPI_Init)
    i.HAL_SPI_MspInit                        0x080019c8   Section        0  stm32f1xx_hal_spi.o(i.HAL_SPI_MspInit)
    i.HAL_SPI_TransmitReceive                0x080019ca   Section        0  stm32f1xx_hal_spi.o(i.HAL_SPI_TransmitReceive)
    i.HAL_SYSTICK_CLKSourceConfig            0x08001cb8   Section        0  stm32f1xx_hal_cortex.o(i.HAL_SYSTICK_CLKSourceConfig)
    i.HAL_SYSTICK_Config                     0x08001ce0   Section        0  stm32f1xx_hal_cortex.o(i.HAL_SYSTICK_Config)
    i.HAL_TIMEx_ConfigBreakDeadTime          0x08001d14   Section        0  stm32f1xx_hal_tim_ex.o(i.HAL_TIMEx_ConfigBreakDeadTime)
    i.HAL_TIMEx_MasterConfigSynchronization  0x08001d88   Section        0  stm32f1xx_hal_tim_ex.o(i.HAL_TIMEx_MasterConfigSynchronization)
    i.HAL_TIM_Base_Init                      0x08001ddc   Section        0  stm32f1xx_hal_tim.o(i.HAL_TIM_Base_Init)
    i.HAL_TIM_Base_MspInit                   0x08001e10   Section        0  stm32f1xx_hal_tim.o(i.HAL_TIM_Base_MspInit)
    i.HAL_TIM_Base_Start                     0x08001e12   Section        0  stm32f1xx_hal_tim.o(i.HAL_TIM_Base_Start)
    i.HAL_TIM_Base_Stop                      0x08001e3c   Section        0  stm32f1xx_hal_tim.o(i.HAL_TIM_Base_Stop)
    i.HAL_TIM_ConfigClockSource              0x08001e74   Section        0  stm32f1xx_hal_tim.o(i.HAL_TIM_ConfigClockSource)
    i.HAL_TIM_Encoder_Init                   0x08001f7c   Section        0  stm32f1xx_hal_tim.o(i.HAL_TIM_Encoder_Init)
    i.HAL_TIM_Encoder_MspInit                0x08002026   Section        0  stm32f1xx_hal_tim.o(i.HAL_TIM_Encoder_MspInit)
    i.HAL_TIM_Encoder_Start                  0x08002028   Section        0  stm32f1xx_hal_tim.o(i.HAL_TIM_Encoder_Start)
    i.HAL_TIM_Encoder_Stop                   0x08002076   Section        0  stm32f1xx_hal_tim.o(i.HAL_TIM_Encoder_Stop)
    i.HAL_TIM_PWM_ConfigChannel              0x080020de   Section        0  stm32f1xx_hal_tim.o(i.HAL_TIM_PWM_ConfigChannel)
    i.HAL_TIM_PWM_Init                       0x080021e6   Section        0  stm32f1xx_hal_tim.o(i.HAL_TIM_PWM_Init)
    i.HAL_TIM_PWM_MspInit                    0x0800221a   Section        0  stm32f1xx_hal_tim.o(i.HAL_TIM_PWM_MspInit)
    i.HAL_TIM_PWM_Start                      0x0800221c   Section        0  stm32f1xx_hal_tim.o(i.HAL_TIM_PWM_Start)
    i.HAL_UART_Init                          0x08002268   Section        0  stm32f1xx_hal_uart.o(i.HAL_UART_Init)
    i.HAL_UART_MspInit                       0x080022dc   Section        0  usart1.o(i.HAL_UART_MspInit)
    i.HAL_UART_Transmit                      0x08002364   Section        0  stm32f1xx_hal_uart.o(i.HAL_UART_Transmit)
    i.HardFault_Handler                      0x0800243a   Section        0  stm32f10x_it.o(i.HardFault_Handler)
    i.MemManage_Handler                      0x0800243c   Section        0  stm32f10x_it.o(i.MemManage_Handler)
    i.Motor_Init                             0x08002440   Section        0  motor.o(i.Motor_Init)
    i.Motor_Speed_Auto_Control               0x08002544   Section        0  motor.o(i.Motor_Speed_Auto_Control)
    i.NMI_Handler                            0x08002598   Section        0  stm32f10x_it.o(i.NMI_Handler)
    i.OLED_Display                           0x0800259c   Section        0  oled.o(i.OLED_Display)
    i.OLED_Fill_Up                           0x080025e8   Section        0  oled.o(i.OLED_Fill_Up)
    i.OLED_GPIO_Init                         0x08002634   Section        0  oled.o(i.OLED_GPIO_Init)
    i.OLED_Init                              0x08002678   Section        0  oled.o(i.OLED_Init)
    i.OLED_Set_Pixel                         0x08002774   Section        0  oled.o(i.OLED_Set_Pixel)
    i.OLED_ShowChinese                       0x080027f8   Section        0  oled.o(i.OLED_ShowChinese)
    i.OLED_ShowEChar                         0x0800285c   Section        0  oled.o(i.OLED_ShowEChar)
    i.OLED_ShowEString                       0x08002974   Section        0  oled.o(i.OLED_ShowEString)
    i.OLED_ShowGB16x16                       0x080029e0   Section        0  oled.o(i.OLED_ShowGB16x16)
    i.OLED_ShowGB24x24                       0x08002acc   Section        0  oled.o(i.OLED_ShowGB24x24)
    i.OLED_ShowGB32x32                       0x08002bd0   Section        0  oled.o(i.OLED_ShowGB32x32)
    i.OLED_ShowPicture                       0x08002cc4   Section        0  oled.o(i.OLED_ShowPicture)
    i.OLED_Write_Data                        0x08002d70   Section        0  oled.o(i.OLED_Write_Data)
    i.PendSV_Handler                         0x08002db8   Section        0  stm32f10x_it.o(i.PendSV_Handler)
    i.RCC_Delay                              0x08002dbc   Section        0  stm32f1xx_hal_rcc.o(i.RCC_Delay)
    RCC_Delay                                0x08002dbd   Thumb Code    36  stm32f1xx_hal_rcc.o(i.RCC_Delay)
    i.SPI2_Init                              0x08002de4   Section        0  spi2.o(i.SPI2_Init)
    i.SPI2_ReadWriteByte                     0x08002ebc   Section        0  spi2.o(i.SPI2_ReadWriteByte)
    i.SPI_EndRxTxTransaction                 0x08002ee0   Section        0  stm32f1xx_hal_spi.o(i.SPI_EndRxTxTransaction)
    SPI_EndRxTxTransaction                   0x08002ee1   Thumb Code    40  stm32f1xx_hal_spi.o(i.SPI_EndRxTxTransaction)
    i.SPI_ISCRCErrorValid                    0x08002f08   Section        0  stm32f1xx_hal_spi.o(i.SPI_ISCRCErrorValid)
    i.SPI_WaitFlagStateUntilTimeout          0x08002f0e   Section        0  stm32f1xx_hal_spi.o(i.SPI_WaitFlagStateUntilTimeout)
    SPI_WaitFlagStateUntilTimeout            0x08002f0f   Thumb Code   168  stm32f1xx_hal_spi.o(i.SPI_WaitFlagStateUntilTimeout)
    i.SVC_Handler                            0x08002fb6   Section        0  stm32f10x_it.o(i.SVC_Handler)
    i.SysClk_Init                            0x08002fb8   Section        0  rcc.o(i.SysClk_Init)
    i.SysTick_Handler                        0x08003016   Section        0  stm32f10x_it.o(i.SysTick_Handler)
    i.SystemInit                             0x08003018   Section        0  system_stm32f1xx.o(i.SystemInit)
    i.TIM4_Init                              0x08003070   Section        0  tim4.o(i.TIM4_Init)
    i.TIM_Base_SetConfig                     0x080030f4   Section        0  stm32f1xx_hal_tim.o(i.TIM_Base_SetConfig)
    i.TIM_CCxChannelCmd                      0x08003168   Section        0  stm32f1xx_hal_tim.o(i.TIM_CCxChannelCmd)
    i.TIM_ETR_SetConfig                      0x0800318a   Section        0  stm32f1xx_hal_tim.o(i.TIM_ETR_SetConfig)
    i.TIM_ITRx_SetConfig                     0x080031a0   Section        0  stm32f1xx_hal_tim.o(i.TIM_ITRx_SetConfig)
    TIM_ITRx_SetConfig                       0x080031a1   Thumb Code    18  stm32f1xx_hal_tim.o(i.TIM_ITRx_SetConfig)
    i.TIM_OC1_SetConfig                      0x080031b4   Section        0  stm32f1xx_hal_tim.o(i.TIM_OC1_SetConfig)
    TIM_OC1_SetConfig                        0x080031b5   Thumb Code    90  stm32f1xx_hal_tim.o(i.TIM_OC1_SetConfig)
    i.TIM_OC2_SetConfig                      0x08003214   Section        0  stm32f1xx_hal_tim.o(i.TIM_OC2_SetConfig)
    i.TIM_OC3_SetConfig                      0x0800327c   Section        0  stm32f1xx_hal_tim.o(i.TIM_OC3_SetConfig)
    TIM_OC3_SetConfig                        0x0800327d   Thumb Code    98  stm32f1xx_hal_tim.o(i.TIM_OC3_SetConfig)
    i.TIM_OC4_SetConfig                      0x080032e4   Section        0  stm32f1xx_hal_tim.o(i.TIM_OC4_SetConfig)
    TIM_OC4_SetConfig                        0x080032e5   Thumb Code    68  stm32f1xx_hal_tim.o(i.TIM_OC4_SetConfig)
    i.TIM_TI1_ConfigInputStage               0x0800332c   Section        0  stm32f1xx_hal_tim.o(i.TIM_TI1_ConfigInputStage)
    TIM_TI1_ConfigInputStage                 0x0800332d   Thumb Code    38  stm32f1xx_hal_tim.o(i.TIM_TI1_ConfigInputStage)
    i.TIM_TI2_ConfigInputStage               0x08003352   Section        0  stm32f1xx_hal_tim.o(i.TIM_TI2_ConfigInputStage)
    TIM_TI2_ConfigInputStage                 0x08003353   Thumb Code    40  stm32f1xx_hal_tim.o(i.TIM_TI2_ConfigInputStage)
    i.UART1_Init                             0x0800337c   Section        0  usart1.o(i.UART1_Init)
    i.UART_SetConfig                         0x080033ac   Section        0  stm32f1xx_hal_uart.o(i.UART_SetConfig)
    UART_SetConfig                           0x080033ad   Thumb Code   412  stm32f1xx_hal_uart.o(i.UART_SetConfig)
    i.UART_WaitOnFlagUntilTimeout            0x0800354c   Section        0  stm32f1xx_hal_uart.o(i.UART_WaitOnFlagUntilTimeout)
    UART_WaitOnFlagUntilTimeout              0x0800354d   Thumb Code   108  stm32f1xx_hal_uart.o(i.UART_WaitOnFlagUntilTimeout)
    i.UsageFault_Handler                     0x080035b8   Section        0  stm32f10x_it.o(i.UsageFault_Handler)
    i.__0printf                              0x080035bc   Section        0  printfa.o(i.__0printf)
    i.__NVIC_GetPriorityGrouping             0x080035dc   Section        0  stm32f1xx_hal_cortex.o(i.__NVIC_GetPriorityGrouping)
    __NVIC_GetPriorityGrouping               0x080035dd   Thumb Code    10  stm32f1xx_hal_cortex.o(i.__NVIC_GetPriorityGrouping)
    i.__NVIC_SetPriority                     0x080035ec   Section        0  stm32f1xx_hal_cortex.o(i.__NVIC_SetPriority)
    __NVIC_SetPriority                       0x080035ed   Thumb Code    32  stm32f1xx_hal_cortex.o(i.__NVIC_SetPriority)
    i.__scatterload_copy                     0x08003614   Section       14  handlers.o(i.__scatterload_copy)
    i.__scatterload_null                     0x08003622   Section        2  handlers.o(i.__scatterload_null)
    i.__scatterload_zeroinit                 0x08003624   Section       14  handlers.o(i.__scatterload_zeroinit)
    i._fp_digits                             0x08003634   Section        0  printfa.o(i._fp_digits)
    _fp_digits                               0x08003635   Thumb Code   366  printfa.o(i._fp_digits)
    i._printf_core                           0x080037b8   Section        0  printfa.o(i._printf_core)
    _printf_core                             0x080037b9   Thumb Code  1744  printfa.o(i._printf_core)
    i._printf_post_padding                   0x08003e94   Section        0  printfa.o(i._printf_post_padding)
    _printf_post_padding                     0x08003e95   Thumb Code    36  printfa.o(i._printf_post_padding)
    i._printf_pre_padding                    0x08003eb8   Section        0  printfa.o(i._printf_pre_padding)
    _printf_pre_padding                      0x08003eb9   Thumb Code    46  printfa.o(i._printf_pre_padding)
    i.fputc                                  0x08003ee8   Section        0  usart1.o(i.fputc)
    i.main                                   0x08003f14   Section        0  main.o(i.main)
    .constdata                               0x08003f80   Section       24  system_stm32f1xx.o(.constdata)
    .data                                    0x20000000   Section        4  system_stm32f1xx.o(.data)
    .data                                    0x20000004   Section        9  stm32f1xx_hal.o(.data)
    .data                                    0x20000010   Section        4  delay.o(.data)
    .data                                    0x20000014   Section     2856  ec11.o(.data)
    BPM2                                     0x20000014   Data        1024  ec11.o(.data)
    D8X16                                    0x20000414   Data        1328  ec11.o(.data)
    D6x8                                     0x20000944   Data           8  ec11.o(.data)
    hanzi_16x16                              0x2000094c   Data         272  ec11.o(.data)
    hanzi_24x24                              0x20000a5c   Data          74  ec11.o(.data)
    hanzi_32x32                              0x20000aa6   Data         130  ec11.o(.data)
    .data                                    0x20000b3c   Section     2860  encoder.o(.data)
    BPM2                                     0x20000b3c   Data        1024  encoder.o(.data)
    D8X16                                    0x20000f3c   Data        1328  encoder.o(.data)
    D6x8                                     0x2000146c   Data           8  encoder.o(.data)
    hanzi_16x16                              0x20001474   Data         272  encoder.o(.data)
    hanzi_24x24                              0x20001584   Data          74  encoder.o(.data)
    hanzi_32x32                              0x200015ce   Data         130  encoder.o(.data)
    .data                                    0x20001668   Section     2836  main.o(.data)
    BPM2                                     0x20001668   Data        1024  main.o(.data)
    D8X16                                    0x20001a68   Data        1328  main.o(.data)
    D6x8                                     0x20001f98   Data           8  main.o(.data)
    hanzi_16x16                              0x20001fa0   Data         272  main.o(.data)
    hanzi_24x24                              0x200020b0   Data          74  main.o(.data)
    hanzi_32x32                              0x200020fa   Data         130  main.o(.data)
    .data                                    0x2000217c   Section     2845  motor.o(.data)
    BPM2                                     0x2000217c   Data        1024  motor.o(.data)
    D8X16                                    0x2000257c   Data        1328  motor.o(.data)
    D6x8                                     0x20002aac   Data           8  motor.o(.data)
    hanzi_16x16                              0x20002ab4   Data         272  motor.o(.data)
    hanzi_24x24                              0x20002bc4   Data          74  motor.o(.data)
    hanzi_32x32                              0x20002c0e   Data         130  motor.o(.data)
    .data                                    0x20002c99   Section     2838  oled.o(.data)
    BPM2                                     0x20002c99   Data        1024  oled.o(.data)
    D8X16                                    0x20003099   Data        1328  oled.o(.data)
    D6x8                                     0x200035c9   Data           8  oled.o(.data)
    hanzi_16x16                              0x200035d1   Data         272  oled.o(.data)
    hanzi_24x24                              0x200036e1   Data          74  oled.o(.data)
    hanzi_32x32                              0x2000372b   Data         130  oled.o(.data)
    i                                        0x200037ad   Data           1  oled.o(.data)
    n                                        0x200037ae   Data           1  oled.o(.data)
    .data                                    0x200037af   Section        1  spi2.o(.data)
    RX_Data                                  0x200037af   Data           1  spi2.o(.data)
    .data                                    0x200037b0   Section        4  stdout.o(.data)
    .bss                                     0x200037b4   Section     1088  ec11.o(.bss)
    OLED_buffer                              0x200037b4   Data        1024  ec11.o(.bss)
    .bss                                     0x20003bf4   Section     1088  encoder.o(.bss)
    OLED_buffer                              0x20003bf4   Data        1024  encoder.o(.bss)
    .bss                                     0x20004034   Section     1088  motor.o(.bss)
    OLED_buffer                              0x20004034   Data        1024  motor.o(.bss)
    .bss                                     0x20004474   Section     1024  oled.o(.bss)
    OLED_buffer                              0x20004474   Data        1024  oled.o(.bss)
    .bss                                     0x20004874   Section       64  tim4.o(.bss)
    .bss                                     0x200048b4   Section       64  usart1.o(.bss)
    .bss                                     0x200048f4   Section       88  spi2.o(.bss)
    STACK                                    0x20004950   Section     1024  startup_stm32f103xb.o(STACK)

    Global Symbols

    Symbol Name                              Value     Ov Type        Size  Object(Section)

    BuildAttributes$$THM_ISAv4$P$D$K$B$S$PE$A:L22UL41UL21$X:L11$S22US41US21$IEEE1$IW$USESV6$~STKCKD$USESV7$~SHL$OTIME$ROPI$EBA8$MICROLIB$REQ8$PRES8$EABIv2 0x00000000   Number         0  anon$$obj.o ABSOLUTE
    __ARM_use_no_argv                        0x00000000   Number         0  main.o ABSOLUTE
    _printf_a                                0x00000000   Number         0  stubs.o ABSOLUTE
    _printf_c                                0x00000000   Number         0  stubs.o ABSOLUTE
    _printf_charcount                        0x00000000   Number         0  stubs.o ABSOLUTE
    _printf_d                                0x00000000   Number         0  stubs.o ABSOLUTE
    _printf_e                                0x00000000   Number         0  stubs.o ABSOLUTE
    _printf_f                                0x00000000   Number         0  stubs.o ABSOLUTE
    _printf_flags                            0x00000000   Number         0  stubs.o ABSOLUTE
    _printf_fp_dec                           0x00000000   Number         0  stubs.o ABSOLUTE
    _printf_fp_hex                           0x00000000   Number         0  stubs.o ABSOLUTE
    _printf_g                                0x00000000   Number         0  stubs.o ABSOLUTE
    _printf_i                                0x00000000   Number         0  stubs.o ABSOLUTE
    _printf_int_dec                          0x00000000   Number         0  stubs.o ABSOLUTE
    _printf_l                                0x00000000   Number         0  stubs.o ABSOLUTE
    _printf_lc                               0x00000000   Number         0  stubs.o ABSOLUTE
    _printf_ll                               0x00000000   Number         0  stubs.o ABSOLUTE
    _printf_lld                              0x00000000   Number         0  stubs.o ABSOLUTE
    _printf_lli                              0x00000000   Number         0  stubs.o ABSOLUTE
    _printf_llo                              0x00000000   Number         0  stubs.o ABSOLUTE
    _printf_llu                              0x00000000   Number         0  stubs.o ABSOLUTE
    _printf_llx                              0x00000000   Number         0  stubs.o ABSOLUTE
    _printf_longlong_dec                     0x00000000   Number         0  stubs.o ABSOLUTE
    _printf_longlong_hex                     0x00000000   Number         0  stubs.o ABSOLUTE
    _printf_longlong_oct                     0x00000000   Number         0  stubs.o ABSOLUTE
    _printf_ls                               0x00000000   Number         0  stubs.o ABSOLUTE
    _printf_mbtowc                           0x00000000   Number         0  stubs.o ABSOLUTE
    _printf_n                                0x00000000   Number         0  stubs.o ABSOLUTE
    _printf_o                                0x00000000   Number         0  stubs.o ABSOLUTE
    _printf_p                                0x00000000   Number         0  stubs.o ABSOLUTE
    _printf_percent                          0x00000000   Number         0  stubs.o ABSOLUTE
    _printf_pre_padding                      0x00000000   Number         0  stubs.o ABSOLUTE
    _printf_return_value                     0x00000000   Number         0  stubs.o ABSOLUTE
    _printf_s                                0x00000000   Number         0  stubs.o ABSOLUTE
    _printf_sizespec                         0x00000000   Number         0  stubs.o ABSOLUTE
    _printf_str                              0x00000000   Number         0  stubs.o ABSOLUTE
    _printf_truncate_signed                  0x00000000   Number         0  stubs.o ABSOLUTE
    _printf_truncate_unsigned                0x00000000   Number         0  stubs.o ABSOLUTE
    _printf_u                                0x00000000   Number         0  stubs.o ABSOLUTE
    _printf_wc                               0x00000000   Number         0  stubs.o ABSOLUTE
    _printf_wctomb                           0x00000000   Number         0  stubs.o ABSOLUTE
    _printf_widthprec                        0x00000000   Number         0  stubs.o ABSOLUTE
    _printf_x                                0x00000000   Number         0  stubs.o ABSOLUTE
    __cpp_initialize__aeabi_                  - Undefined Weak Reference
    __cxa_finalize                            - Undefined Weak Reference
    _clock_init                               - Undefined Weak Reference
    _microlib_exit                            - Undefined Weak Reference
    __Vectors_Size                           0x000000ec   Number         0  startup_stm32f103xb.o ABSOLUTE
    __Vectors                                0x08000000   Data           4  startup_stm32f103xb.o(RESET)
    __Vectors_End                            0x080000ec   Data           0  startup_stm32f103xb.o(RESET)
    __main                                   0x080000ed   Thumb Code     0  entry.o(.ARM.Collect$$$$00000000)
    _main_stk                                0x080000ed   Thumb Code     0  entry2.o(.ARM.Collect$$$$00000001)
    _main_scatterload                        0x080000f1   Thumb Code     0  entry5.o(.ARM.Collect$$$$00000004)
    __main_after_scatterload                 0x080000f5   Thumb Code     0  entry5.o(.ARM.Collect$$$$00000004)
    _main_clock                              0x080000f5   Thumb Code     0  entry7b.o(.ARM.Collect$$$$00000008)
    _main_cpp_init                           0x080000f5   Thumb Code     0  entry8b.o(.ARM.Collect$$$$0000000A)
    _main_init                               0x080000f5   Thumb Code     0  entry9a.o(.ARM.Collect$$$$0000000B)
    __rt_final_cpp                           0x080000fd   Thumb Code     0  entry10a.o(.ARM.Collect$$$$0000000D)
    __rt_final_exit                          0x080000fd   Thumb Code     0  entry11a.o(.ARM.Collect$$$$0000000F)
    Reset_Handler                            0x08000101   Thumb Code     8  startup_stm32f103xb.o(.text)
    ADC1_2_IRQHandler                        0x0800011b   Thumb Code     0  startup_stm32f103xb.o(.text)
    CAN1_RX1_IRQHandler                      0x0800011b   Thumb Code     0  startup_stm32f103xb.o(.text)
    CAN1_SCE_IRQHandler                      0x0800011b   Thumb Code     0  startup_stm32f103xb.o(.text)
    DMA1_Channel1_IRQHandler                 0x0800011b   Thumb Code     0  startup_stm32f103xb.o(.text)
    DMA1_Channel2_IRQHandler                 0x0800011b   Thumb Code     0  startup_stm32f103xb.o(.text)
    DMA1_Channel3_IRQHandler                 0x0800011b   Thumb Code     0  startup_stm32f103xb.o(.text)
    DMA1_Channel4_IRQHandler                 0x0800011b   Thumb Code     0  startup_stm32f103xb.o(.text)
    DMA1_Channel5_IRQHandler                 0x0800011b   Thumb Code     0  startup_stm32f103xb.o(.text)
    DMA1_Channel6_IRQHandler                 0x0800011b   Thumb Code     0  startup_stm32f103xb.o(.text)
    DMA1_Channel7_IRQHandler                 0x0800011b   Thumb Code     0  startup_stm32f103xb.o(.text)
    EXTI0_IRQHandler                         0x0800011b   Thumb Code     0  startup_stm32f103xb.o(.text)
    EXTI15_10_IRQHandler                     0x0800011b   Thumb Code     0  startup_stm32f103xb.o(.text)
    EXTI1_IRQHandler                         0x0800011b   Thumb Code     0  startup_stm32f103xb.o(.text)
    EXTI2_IRQHandler                         0x0800011b   Thumb Code     0  startup_stm32f103xb.o(.text)
    EXTI3_IRQHandler                         0x0800011b   Thumb Code     0  startup_stm32f103xb.o(.text)
    EXTI4_IRQHandler                         0x0800011b   Thumb Code     0  startup_stm32f103xb.o(.text)
    EXTI9_5_IRQHandler                       0x0800011b   Thumb Code     0  startup_stm32f103xb.o(.text)
    FLASH_IRQHandler                         0x0800011b   Thumb Code     0  startup_stm32f103xb.o(.text)
    I2C1_ER_IRQHandler                       0x0800011b   Thumb Code     0  startup_stm32f103xb.o(.text)
    I2C1_EV_IRQHandler                       0x0800011b   Thumb Code     0  startup_stm32f103xb.o(.text)
    I2C2_ER_IRQHandler                       0x0800011b   Thumb Code     0  startup_stm32f103xb.o(.text)
    I2C2_EV_IRQHandler                       0x0800011b   Thumb Code     0  startup_stm32f103xb.o(.text)
    PVD_IRQHandler                           0x0800011b   Thumb Code     0  startup_stm32f103xb.o(.text)
    RCC_IRQHandler                           0x0800011b   Thumb Code     0  startup_stm32f103xb.o(.text)
    RTC_Alarm_IRQHandler                     0x0800011b   Thumb Code     0  startup_stm32f103xb.o(.text)
    RTC_IRQHandler                           0x0800011b   Thumb Code     0  startup_stm32f103xb.o(.text)
    SPI1_IRQHandler                          0x0800011b   Thumb Code     0  startup_stm32f103xb.o(.text)
    SPI2_IRQHandler                          0x0800011b   Thumb Code     0  startup_stm32f103xb.o(.text)
    TAMPER_IRQHandler                        0x0800011b   Thumb Code     0  startup_stm32f103xb.o(.text)
    TIM1_BRK_IRQHandler                      0x0800011b   Thumb Code     0  startup_stm32f103xb.o(.text)
    TIM1_CC_IRQHandler                       0x0800011b   Thumb Code     0  startup_stm32f103xb.o(.text)
    TIM1_TRG_COM_IRQHandler                  0x0800011b   Thumb Code     0  startup_stm32f103xb.o(.text)
    TIM1_UP_IRQHandler                       0x0800011b   Thumb Code     0  startup_stm32f103xb.o(.text)
    TIM2_IRQHandler                          0x0800011b   Thumb Code     0  startup_stm32f103xb.o(.text)
    TIM3_IRQHandler                          0x0800011b   Thumb Code     0  startup_stm32f103xb.o(.text)
    TIM4_IRQHandler                          0x0800011b   Thumb Code     0  startup_stm32f103xb.o(.text)
    USART1_IRQHandler                        0x0800011b   Thumb Code     0  startup_stm32f103xb.o(.text)
    USART2_IRQHandler                        0x0800011b   Thumb Code     0  startup_stm32f103xb.o(.text)
    USART3_IRQHandler                        0x0800011b   Thumb Code     0  startup_stm32f103xb.o(.text)
    USBWakeUp_IRQHandler                     0x0800011b   Thumb Code     0  startup_stm32f103xb.o(.text)
    USB_HP_CAN1_TX_IRQHandler                0x0800011b   Thumb Code     0  startup_stm32f103xb.o(.text)
    USB_LP_CAN1_RX0_IRQHandler               0x0800011b   Thumb Code     0  startup_stm32f103xb.o(.text)
    WWDG_IRQHandler                          0x0800011b   Thumb Code     0  startup_stm32f103xb.o(.text)
    __aeabi_llsr                             0x08000125   Thumb Code    32  llushr.o(.text)
    _ll_ushift_r                             0x08000125   Thumb Code     0  llushr.o(.text)
    __aeabi_memset                           0x08000145   Thumb Code    14  memseta.o(.text)
    __aeabi_memset4                          0x08000145   Thumb Code     0  memseta.o(.text)
    __aeabi_memset8                          0x08000145   Thumb Code     0  memseta.o(.text)
    __aeabi_memclr                           0x08000153   Thumb Code     4  memseta.o(.text)
    __aeabi_memclr4                          0x08000153   Thumb Code     0  memseta.o(.text)
    __aeabi_memclr8                          0x08000153   Thumb Code     0  memseta.o(.text)
    _memset$wrapper                          0x08000157   Thumb Code    18  memseta.o(.text)
    __aeabi_fmul                             0x08000169   Thumb Code   100  fmul.o(.text)
    __aeabi_fdiv                             0x080001cd   Thumb Code   124  fdiv.o(.text)
    __aeabi_ui2f                             0x08000249   Thumb Code    10  ffltui.o(.text)
    __aeabi_f2uiz                            0x08000253   Thumb Code    40  ffixui.o(.text)
    __aeabi_f2d                              0x0800027b   Thumb Code    38  f2d.o(.text)
    __aeabi_uidiv                            0x080002a1   Thumb Code     0  uidiv.o(.text)
    __aeabi_uidivmod                         0x080002a1   Thumb Code    44  uidiv.o(.text)
    __aeabi_uldivmod                         0x080002cd   Thumb Code    98  uldiv.o(.text)
    __I$use$fp                               0x0800032f   Thumb Code     0  iusefp.o(.text)
    _float_round                             0x0800032f   Thumb Code    18  fepilogue.o(.text)
    _float_epilogue                          0x08000341   Thumb Code    92  fepilogue.o(.text)
    __aeabi_dadd                             0x0800039d   Thumb Code   322  dadd.o(.text)
    __aeabi_dsub                             0x080004df   Thumb Code     6  dadd.o(.text)
    __aeabi_drsub                            0x080004e5   Thumb Code     6  dadd.o(.text)
    __aeabi_dmul                             0x080004eb   Thumb Code   228  dmul.o(.text)
    __aeabi_ddiv                             0x080005cf   Thumb Code   222  ddiv.o(.text)
    __aeabi_d2ulz                            0x080006ad   Thumb Code    48  dfixul.o(.text)
    __aeabi_cdrcmple                         0x080006dd   Thumb Code    48  cdrcmple.o(.text)
    __scatterload                            0x0800070d   Thumb Code    28  init.o(.text)
    __scatterload_rt2                        0x0800070d   Thumb Code     0  init.o(.text)
    __aeabi_llsl                             0x08000731   Thumb Code    30  llshl.o(.text)
    _ll_shift_l                              0x08000731   Thumb Code     0  llshl.o(.text)
    __aeabi_lasr                             0x0800074f   Thumb Code    36  llsshr.o(.text)
    _ll_sshift_r                             0x0800074f   Thumb Code     0  llsshr.o(.text)
    _double_round                            0x08000773   Thumb Code    30  depilogue.o(.text)
    _double_epilogue                         0x08000791   Thumb Code   156  depilogue.o(.text)
    __decompress                             0x0800082d   Thumb Code     0  __dclz77c.o(.text)
    __decompress2                            0x0800082d   Thumb Code    94  __dclz77c.o(.text)
    BusFault_Handler                         0x0800088b   Thumb Code     4  stm32f10x_it.o(i.BusFault_Handler)
    DebugMon_Handler                         0x0800088f   Thumb Code     2  stm32f10x_it.o(i.DebugMon_Handler)
    Delay_Init                               0x08000891   Thumb Code    24  delay.o(i.Delay_Init)
    Delay_ms                                 0x080008ad   Thumb Code    74  delay.o(i.Delay_ms)
    EC11_Count                               0x080008fd   Thumb Code   150  ec11.o(i.EC11_Count)
    EC11_Init                                0x080009a1   Thumb Code   228  ec11.o(i.EC11_Init)
    EC11_Speed_Display                       0x08000a91   Thumb Code   168  ec11.o(i.EC11_Speed_Display)
    Encoder_Init                             0x08000b59   Thumb Code   218  encoder.o(i.Encoder_Init)
    Encoder_Speed_Display                    0x08000c45   Thumb Code   250  encoder.o(i.Encoder_Speed_Display)
    Encoder_Speed_Test                       0x08000d69   Thumb Code   190  encoder.o(i.Encoder_Speed_Test)
    HAL_GPIO_Init                            0x08000e5d   Thumb Code   766  stm32f1xx_hal_gpio.o(i.HAL_GPIO_Init)
    HAL_GPIO_WritePin                        0x0800117d   Thumb Code    12  stm32f1xx_hal_gpio.o(i.HAL_GPIO_WritePin)
    HAL_GetTick                              0x08001189   Thumb Code     6  stm32f1xx_hal.o(i.HAL_GetTick)
    HAL_InitTick                             0x08001195   Thumb Code    64  stm32f1xx_hal.o(i.HAL_InitTick)
    HAL_NVIC_SetPriority                     0x080011e1   Thumb Code   124  stm32f1xx_hal_cortex.o(i.HAL_NVIC_SetPriority)
    HAL_RCC_ClockConfig                      0x0800125d   Thumb Code   376  stm32f1xx_hal_rcc.o(i.HAL_RCC_ClockConfig)
    HAL_RCC_GetHCLKFreq                      0x080013e9   Thumb Code     6  stm32f1xx_hal_rcc.o(i.HAL_RCC_GetHCLKFreq)
    HAL_RCC_GetPCLK1Freq                     0x080013f5   Thumb Code    22  stm32f1xx_hal_rcc.o(i.HAL_RCC_GetPCLK1Freq)
    HAL_RCC_GetPCLK2Freq                     0x08001415   Thumb Code    22  stm32f1xx_hal_rcc.o(i.HAL_RCC_GetPCLK2Freq)
    HAL_RCC_GetSysClockFreq                  0x08001435   Thumb Code   116  stm32f1xx_hal_rcc.o(i.HAL_RCC_GetSysClockFreq)
    HAL_RCC_OscConfig                        0x080014c9   Thumb Code  1114  stm32f1xx_hal_rcc.o(i.HAL_RCC_OscConfig)
    HAL_SPI_Init                             0x0800192d   Thumb Code   156  stm32f1xx_hal_spi.o(i.HAL_SPI_Init)
    HAL_SPI_MspInit                          0x080019c9   Thumb Code     2  stm32f1xx_hal_spi.o(i.HAL_SPI_MspInit)
    HAL_SPI_TransmitReceive                  0x080019cb   Thumb Code   750  stm32f1xx_hal_spi.o(i.HAL_SPI_TransmitReceive)
    HAL_SYSTICK_CLKSourceConfig              0x08001cb9   Thumb Code    40  stm32f1xx_hal_cortex.o(i.HAL_SYSTICK_CLKSourceConfig)
    HAL_SYSTICK_Config                       0x08001ce1   Thumb Code    52  stm32f1xx_hal_cortex.o(i.HAL_SYSTICK_Config)
    HAL_TIMEx_ConfigBreakDeadTime            0x08001d15   Thumb Code   116  stm32f1xx_hal_tim_ex.o(i.HAL_TIMEx_ConfigBreakDeadTime)
    HAL_TIMEx_MasterConfigSynchronization    0x08001d89   Thumb Code    84  stm32f1xx_hal_tim_ex.o(i.HAL_TIMEx_MasterConfigSynchronization)
    HAL_TIM_Base_Init                        0x08001ddd   Thumb Code    52  stm32f1xx_hal_tim.o(i.HAL_TIM_Base_Init)
    HAL_TIM_Base_MspInit                     0x08001e11   Thumb Code     2  stm32f1xx_hal_tim.o(i.HAL_TIM_Base_MspInit)
    HAL_TIM_Base_Start                       0x08001e13   Thumb Code    42  stm32f1xx_hal_tim.o(i.HAL_TIM_Base_Start)
    HAL_TIM_Base_Stop                        0x08001e3d   Thumb Code    56  stm32f1xx_hal_tim.o(i.HAL_TIM_Base_Stop)
    HAL_TIM_ConfigClockSource                0x08001e75   Thumb Code   264  stm32f1xx_hal_tim.o(i.HAL_TIM_ConfigClockSource)
    HAL_TIM_Encoder_Init                     0x08001f7d   Thumb Code   170  stm32f1xx_hal_tim.o(i.HAL_TIM_Encoder_Init)
    HAL_TIM_Encoder_MspInit                  0x08002027   Thumb Code     2  stm32f1xx_hal_tim.o(i.HAL_TIM_Encoder_MspInit)
    HAL_TIM_Encoder_Start                    0x08002029   Thumb Code    78  stm32f1xx_hal_tim.o(i.HAL_TIM_Encoder_Start)
    HAL_TIM_Encoder_Stop                     0x08002077   Thumb Code   104  stm32f1xx_hal_tim.o(i.HAL_TIM_Encoder_Stop)
    HAL_TIM_PWM_ConfigChannel                0x080020df   Thumb Code   264  stm32f1xx_hal_tim.o(i.HAL_TIM_PWM_ConfigChannel)
    HAL_TIM_PWM_Init                         0x080021e7   Thumb Code    52  stm32f1xx_hal_tim.o(i.HAL_TIM_PWM_Init)
    HAL_TIM_PWM_MspInit                      0x0800221b   Thumb Code     2  stm32f1xx_hal_tim.o(i.HAL_TIM_PWM_MspInit)
    HAL_TIM_PWM_Start                        0x0800221d   Thumb Code    72  stm32f1xx_hal_tim.o(i.HAL_TIM_PWM_Start)
    HAL_UART_Init                            0x08002269   Thumb Code   114  stm32f1xx_hal_uart.o(i.HAL_UART_Init)
    HAL_UART_MspInit                         0x080022dd   Thumb Code   122  usart1.o(i.HAL_UART_MspInit)
    HAL_UART_Transmit                        0x08002365   Thumb Code   214  stm32f1xx_hal_uart.o(i.HAL_UART_Transmit)
    HardFault_Handler                        0x0800243b   Thumb Code     2  stm32f10x_it.o(i.HardFault_Handler)
    MemManage_Handler                        0x0800243d   Thumb Code     4  stm32f10x_it.o(i.MemManage_Handler)
    Motor_Init                               0x08002441   Thumb Code   242  motor.o(i.Motor_Init)
    Motor_Speed_Auto_Control                 0x08002545   Thumb Code    66  motor.o(i.Motor_Speed_Auto_Control)
    NMI_Handler                              0x08002599   Thumb Code     2  stm32f10x_it.o(i.NMI_Handler)
    OLED_Display                             0x0800259d   Thumb Code    70  oled.o(i.OLED_Display)
    OLED_Fill_Up                             0x080025e9   Thumb Code    74  oled.o(i.OLED_Fill_Up)
    OLED_GPIO_Init                           0x08002635   Thumb Code    58  oled.o(i.OLED_GPIO_Init)
    OLED_Init                                0x08002679   Thumb Code   246  oled.o(i.OLED_Init)
    OLED_Set_Pixel                           0x08002775   Thumb Code   126  oled.o(i.OLED_Set_Pixel)
    OLED_ShowChinese                         0x080027f9   Thumb Code   100  oled.o(i.OLED_ShowChinese)
    OLED_ShowEChar                           0x0800285d   Thumb Code   270  oled.o(i.OLED_ShowEChar)
    OLED_ShowEString                         0x08002975   Thumb Code   106  oled.o(i.OLED_ShowEString)
    OLED_ShowGB16x16                         0x080029e1   Thumb Code   232  oled.o(i.OLED_ShowGB16x16)
    OLED_ShowGB24x24                         0x08002acd   Thumb Code   256  oled.o(i.OLED_ShowGB24x24)
    OLED_ShowGB32x32                         0x08002bd1   Thumb Code   240  oled.o(i.OLED_ShowGB32x32)
    OLED_ShowPicture                         0x08002cc5   Thumb Code   172  oled.o(i.OLED_ShowPicture)
    OLED_Write_Data                          0x08002d71   Thumb Code    66  oled.o(i.OLED_Write_Data)
    PendSV_Handler                           0x08002db9   Thumb Code     2  stm32f10x_it.o(i.PendSV_Handler)
    SPI2_Init                                0x08002de5   Thumb Code   200  spi2.o(i.SPI2_Init)
    SPI2_ReadWriteByte                       0x08002ebd   Thumb Code    28  spi2.o(i.SPI2_ReadWriteByte)
    SPI_ISCRCErrorValid                      0x08002f09   Thumb Code     6  stm32f1xx_hal_spi.o(i.SPI_ISCRCErrorValid)
    SVC_Handler                              0x08002fb7   Thumb Code     2  stm32f10x_it.o(i.SVC_Handler)
    SysClk_Init                              0x08002fb9   Thumb Code    94  rcc.o(i.SysClk_Init)
    SysTick_Handler                          0x08003017   Thumb Code     2  stm32f10x_it.o(i.SysTick_Handler)
    SystemInit                               0x08003019   Thumb Code    70  system_stm32f1xx.o(i.SystemInit)
    TIM4_Init                                0x08003071   Thumb Code   120  tim4.o(i.TIM4_Init)
    TIM_Base_SetConfig                       0x080030f5   Thumb Code   104  stm32f1xx_hal_tim.o(i.TIM_Base_SetConfig)
    TIM_CCxChannelCmd                        0x08003169   Thumb Code    34  stm32f1xx_hal_tim.o(i.TIM_CCxChannelCmd)
    TIM_ETR_SetConfig                        0x0800318b   Thumb Code    22  stm32f1xx_hal_tim.o(i.TIM_ETR_SetConfig)
    TIM_OC2_SetConfig                        0x08003215   Thumb Code   100  stm32f1xx_hal_tim.o(i.TIM_OC2_SetConfig)
    UART1_Init                               0x0800337d   Thumb Code    38  usart1.o(i.UART1_Init)
    UsageFault_Handler                       0x080035b9   Thumb Code     4  stm32f10x_it.o(i.UsageFault_Handler)
    __0printf                                0x080035bd   Thumb Code    22  printfa.o(i.__0printf)
    __1printf                                0x080035bd   Thumb Code     0  printfa.o(i.__0printf)
    __2printf                                0x080035bd   Thumb Code     0  printfa.o(i.__0printf)
    __c89printf                              0x080035bd   Thumb Code     0  printfa.o(i.__0printf)
    printf                                   0x080035bd   Thumb Code     0  printfa.o(i.__0printf)
    __scatterload_copy                       0x08003615   Thumb Code    14  handlers.o(i.__scatterload_copy)
    __scatterload_null                       0x08003623   Thumb Code     2  handlers.o(i.__scatterload_null)
    __scatterload_zeroinit                   0x08003625   Thumb Code    14  handlers.o(i.__scatterload_zeroinit)
    fputc                                    0x08003ee9   Thumb Code    38  usart1.o(i.fputc)
    main                                     0x08003f15   Thumb Code   104  main.o(i.main)
    AHBPrescTable                            0x08003f80   Data          16  system_stm32f1xx.o(.constdata)
    APBPrescTable                            0x08003f90   Data           8  system_stm32f1xx.o(.constdata)
    Region$$Table$$Base                      0x08003f98   Number         0  anon$$obj.o(Region$$Table)
    Region$$Table$$Limit                     0x08003fb8   Number         0  anon$$obj.o(Region$$Table)
    SystemCoreClock                          0x20000000   Data           4  system_stm32f1xx.o(.data)
    uwTick                                   0x20000004   Data           4  stm32f1xx_hal.o(.data)
    uwTickPrio                               0x20000008   Data           4  stm32f1xx_hal.o(.data)
    uwTickFreq                               0x2000000c   Data           1  stm32f1xx_hal.o(.data)
    systick_Freq                             0x20000010   Data           4  delay.o(.data)
    EC11_Current_Count                       0x20000b28   Data           4  ec11.o(.data)
    EC11_Bit                                 0x20000b2c   Data           3  ec11.o(.data)
    Current_value                            0x20000b30   Data           4  ec11.o(.data)
    Stored_value                             0x20000b34   Data           4  ec11.o(.data)
    Counter                                  0x20000b38   Data           4  ec11.o(.data)
    Count                                    0x20001650   Data           2  encoder.o(.data)
    Dir                                      0x20001652   Data           1  encoder.o(.data)
    Speed                                    0x20001654   Data           4  encoder.o(.data)
    OLED_Speed_Display                       0x20001658   Data           4  encoder.o(.data)
    Encoder_Bit                              0x2000165c   Data           7  encoder.o(.data)
    intermediate_Value                       0x20001664   Data           4  encoder.o(.data)
    Motor_Speed                              0x20002c90   Data           4  motor.o(.data)
    Motor_Past_Speed                         0x20002c94   Data           4  motor.o(.data)
    Motor_Flag                               0x20002c98   Data           1  motor.o(.data)
    __stdout                                 0x200037b0   Data           4  stdout.o(.data)
    TIM2_HandleInit                          0x20003bb4   Data          64  ec11.o(.bss)
    TIM3_HandleInit                          0x20003ff4   Data          64  encoder.o(.bss)
    TIM1_HandleInit                          0x20004434   Data          64  motor.o(.bss)
    TIM4_HandleInit                          0x20004874   Data          64  tim4.o(.bss)
    UART_HandleInit                          0x200048b4   Data          64  usart1.o(.bss)
    SPI2_HandleInit                          0x200048f4   Data          88  spi2.o(.bss)
    __initial_sp                             0x20004d50   Data           0  startup_stm32f103xb.o(STACK)



==============================================================================

Memory Map of the image

  Image Entry point : 0x080000ed

  Load Region LR_IROM1 (Base: 0x08000000, Size: 0x0000776c, Max: 0x00010000, ABSOLUTE, COMPRESSED[0x0000459c])

    Execution Region ER_IROM1 (Base: 0x08000000, Size: 0x00003fb8, Max: 0x00010000, ABSOLUTE)

    Base Addr    Size         Type   Attr      Idx    E Section Name        Object

    0x08000000   0x000000ec   Data   RO         6118    RESET               startup_stm32f103xb.o
    0x080000ec   0x00000000   Code   RO         6621  * .ARM.Collect$$$$00000000  mc_w.l(entry.o)
    0x080000ec   0x00000004   Code   RO         6903    .ARM.Collect$$$$00000001  mc_w.l(entry2.o)
    0x080000f0   0x00000004   Code   RO         6906    .ARM.Collect$$$$00000004  mc_w.l(entry5.o)
    0x080000f4   0x00000000   Code   RO         6908    .ARM.Collect$$$$00000008  mc_w.l(entry7b.o)
    0x080000f4   0x00000000   Code   RO         6910    .ARM.Collect$$$$0000000A  mc_w.l(entry8b.o)
    0x080000f4   0x00000008   Code   RO         6911    .ARM.Collect$$$$0000000B  mc_w.l(entry9a.o)
    0x080000fc   0x00000000   Code   RO         6913    .ARM.Collect$$$$0000000D  mc_w.l(entry10a.o)
    0x080000fc   0x00000000   Code   RO         6915    .ARM.Collect$$$$0000000F  mc_w.l(entry11a.o)
    0x080000fc   0x00000004   Code   RO         6904    .ARM.Collect$$$$00002712  mc_w.l(entry2.o)
    0x08000100   0x00000024   Code   RO         6119    .text               startup_stm32f103xb.o
    0x08000124   0x00000020   Code   RO         6624    .text               mc_w.l(llushr.o)
    0x08000144   0x00000024   Code   RO         6628    .text               mc_w.l(memseta.o)
    0x08000168   0x00000064   Code   RO         6893    .text               mf_w.l(fmul.o)
    0x080001cc   0x0000007c   Code   RO         6895    .text               mf_w.l(fdiv.o)
    0x08000248   0x0000000a   Code   RO         6897    .text               mf_w.l(ffltui.o)
    0x08000252   0x00000028   Code   RO         6899    .text               mf_w.l(ffixui.o)
    0x0800027a   0x00000026   Code   RO         6901    .text               mf_w.l(f2d.o)
    0x080002a0   0x0000002c   Code   RO         6918    .text               mc_w.l(uidiv.o)
    0x080002cc   0x00000062   Code   RO         6920    .text               mc_w.l(uldiv.o)
    0x0800032e   0x00000000   Code   RO         6922    .text               mc_w.l(iusefp.o)
    0x0800032e   0x0000006e   Code   RO         6923    .text               mf_w.l(fepilogue.o)
    0x0800039c   0x0000014e   Code   RO         6925    .text               mf_w.l(dadd.o)
    0x080004ea   0x000000e4   Code   RO         6927    .text               mf_w.l(dmul.o)
    0x080005ce   0x000000de   Code   RO         6929    .text               mf_w.l(ddiv.o)
    0x080006ac   0x00000030   Code   RO         6931    .text               mf_w.l(dfixul.o)
    0x080006dc   0x00000030   Code   RO         6933    .text               mf_w.l(cdrcmple.o)
    0x0800070c   0x00000024   Code   RO         6935    .text               mc_w.l(init.o)
    0x08000730   0x0000001e   Code   RO         6937    .text               mc_w.l(llshl.o)
    0x0800074e   0x00000024   Code   RO         6939    .text               mc_w.l(llsshr.o)
    0x08000772   0x000000ba   Code   RO         6941    .text               mf_w.l(depilogue.o)
    0x0800082c   0x0000005e   Code   RO         6951    .text               mc_w.l(__dclz77c.o)
    0x0800088a   0x00000004   Code   RO            4    i.BusFault_Handler  stm32f10x_it.o
    0x0800088e   0x00000002   Code   RO            5    i.DebugMon_Handler  stm32f10x_it.o
    0x08000890   0x0000001c   Code   RO         6126    i.Delay_Init        delay.o
    0x080008ac   0x00000050   Code   RO         6127    i.Delay_ms          delay.o
    0x080008fc   0x000000a4   Code   RO         6168    i.EC11_Count        ec11.o
    0x080009a0   0x000000f0   Code   RO         6169    i.EC11_Init         ec11.o
    0x08000a90   0x000000c8   Code   RO         6170    i.EC11_Speed_Display  ec11.o
    0x08000b58   0x000000ec   Code   RO         6234    i.Encoder_Init      encoder.o
    0x08000c44   0x00000124   Code   RO         6235    i.Encoder_Speed_Display  encoder.o
    0x08000d68   0x000000f4   Code   RO         6236    i.Encoder_Speed_Test  encoder.o
    0x08000e5c   0x00000320   Code   RO         1754    i.HAL_GPIO_Init     stm32f1xx_hal_gpio.o
    0x0800117c   0x0000000c   Code   RO         1758    i.HAL_GPIO_WritePin  stm32f1xx_hal_gpio.o
    0x08001188   0x0000000c   Code   RO          444    i.HAL_GetTick       stm32f1xx_hal.o
    0x08001194   0x0000004c   Code   RO          452    i.HAL_InitTick      stm32f1xx_hal.o
    0x080011e0   0x0000007c   Code   RO         1147    i.HAL_NVIC_SetPriority  stm32f1xx_hal_cortex.o
    0x0800125c   0x0000018c   Code   RO         3119    i.HAL_RCC_ClockConfig  stm32f1xx_hal_rcc.o
    0x080013e8   0x0000000c   Code   RO         3124    i.HAL_RCC_GetHCLKFreq  stm32f1xx_hal_rcc.o
    0x080013f4   0x00000020   Code   RO         3126    i.HAL_RCC_GetPCLK1Freq  stm32f1xx_hal_rcc.o
    0x08001414   0x00000020   Code   RO         3127    i.HAL_RCC_GetPCLK2Freq  stm32f1xx_hal_rcc.o
    0x08001434   0x00000094   Code   RO         3128    i.HAL_RCC_GetSysClockFreq  stm32f1xx_hal_rcc.o
    0x080014c8   0x00000464   Code   RO         3131    i.HAL_RCC_OscConfig  stm32f1xx_hal_rcc.o
    0x0800192c   0x0000009c   Code   RO         3810    i.HAL_SPI_Init      stm32f1xx_hal_spi.o
    0x080019c8   0x00000002   Code   RO         3812    i.HAL_SPI_MspInit   stm32f1xx_hal_spi.o
    0x080019ca   0x000002ee   Code   RO         3819    i.HAL_SPI_TransmitReceive  stm32f1xx_hal_spi.o
    0x08001cb8   0x00000028   Code   RO         1150    i.HAL_SYSTICK_CLKSourceConfig  stm32f1xx_hal_cortex.o
    0x08001ce0   0x00000034   Code   RO         1152    i.HAL_SYSTICK_Config  stm32f1xx_hal_cortex.o
    0x08001d14   0x00000074   Code   RO         4856    i.HAL_TIMEx_ConfigBreakDeadTime  stm32f1xx_hal_tim_ex.o
    0x08001d88   0x00000054   Code   RO         4871    i.HAL_TIMEx_MasterConfigSynchronization  stm32f1xx_hal_tim_ex.o
    0x08001ddc   0x00000034   Code   RO         4167    i.HAL_TIM_Base_Init  stm32f1xx_hal_tim.o
    0x08001e10   0x00000002   Code   RO         4169    i.HAL_TIM_Base_MspInit  stm32f1xx_hal_tim.o
    0x08001e12   0x0000002a   Code   RO         4170    i.HAL_TIM_Base_Start  stm32f1xx_hal_tim.o
    0x08001e3c   0x00000038   Code   RO         4173    i.HAL_TIM_Base_Stop  stm32f1xx_hal_tim.o
    0x08001e74   0x00000108   Code   RO         4176    i.HAL_TIM_ConfigClockSource  stm32f1xx_hal_tim.o
    0x08001f7c   0x000000aa   Code   RO         4185    i.HAL_TIM_Encoder_Init  stm32f1xx_hal_tim.o
    0x08002026   0x00000002   Code   RO         4187    i.HAL_TIM_Encoder_MspInit  stm32f1xx_hal_tim.o
    0x08002028   0x0000004e   Code   RO         4188    i.HAL_TIM_Encoder_Start  stm32f1xx_hal_tim.o
    0x08002076   0x00000068   Code   RO         4191    i.HAL_TIM_Encoder_Stop  stm32f1xx_hal_tim.o
    0x080020de   0x00000108   Code   RO         4234    i.HAL_TIM_PWM_ConfigChannel  stm32f1xx_hal_tim.o
    0x080021e6   0x00000034   Code   RO         4237    i.HAL_TIM_PWM_Init  stm32f1xx_hal_tim.o
    0x0800221a   0x00000002   Code   RO         4239    i.HAL_TIM_PWM_MspInit  stm32f1xx_hal_tim.o
    0x0800221c   0x0000004c   Code   RO         4242    i.HAL_TIM_PWM_Start  stm32f1xx_hal_tim.o
    0x08002268   0x00000072   Code   RO         5129    i.HAL_UART_Init     stm32f1xx_hal_uart.o
    0x080022da   0x00000002   PAD
    0x080022dc   0x00000088   Code   RO         6542    i.HAL_UART_MspInit  usart1.o
    0x08002364   0x000000d6   Code   RO         5137    i.HAL_UART_Transmit  stm32f1xx_hal_uart.o
    0x0800243a   0x00000002   Code   RO            6    i.HardFault_Handler  stm32f10x_it.o
    0x0800243c   0x00000004   Code   RO            7    i.MemManage_Handler  stm32f10x_it.o
    0x08002440   0x00000104   Code   RO         6322    i.Motor_Init        motor.o
    0x08002544   0x00000054   Code   RO         6323    i.Motor_Speed_Auto_Control  motor.o
    0x08002598   0x00000002   Code   RO            8    i.NMI_Handler       stm32f10x_it.o
    0x0800259a   0x00000002   PAD
    0x0800259c   0x0000004c   Code   RO         6360    i.OLED_Display      oled.o
    0x080025e8   0x0000004a   Code   RO         6363    i.OLED_Fill_Up      oled.o
    0x08002632   0x00000002   PAD
    0x08002634   0x00000044   Code   RO         6364    i.OLED_GPIO_Init    oled.o
    0x08002678   0x000000fc   Code   RO         6365    i.OLED_Init         oled.o
    0x08002774   0x00000084   Code   RO         6367    i.OLED_Set_Pixel    oled.o
    0x080027f8   0x00000064   Code   RO         6369    i.OLED_ShowChinese  oled.o
    0x0800285c   0x00000118   Code   RO         6370    i.OLED_ShowEChar    oled.o
    0x08002974   0x0000006a   Code   RO         6371    i.OLED_ShowEString  oled.o
    0x080029de   0x00000002   PAD
    0x080029e0   0x000000ec   Code   RO         6372    i.OLED_ShowGB16x16  oled.o
    0x08002acc   0x00000104   Code   RO         6373    i.OLED_ShowGB24x24  oled.o
    0x08002bd0   0x000000f4   Code   RO         6374    i.OLED_ShowGB32x32  oled.o
    0x08002cc4   0x000000ac   Code   RO         6375    i.OLED_ShowPicture  oled.o
    0x08002d70   0x00000048   Code   RO         6376    i.OLED_Write_Data   oled.o
    0x08002db8   0x00000002   Code   RO            9    i.PendSV_Handler    stm32f10x_it.o
    0x08002dba   0x00000002   PAD
    0x08002dbc   0x00000028   Code   RO         3132    i.RCC_Delay         stm32f1xx_hal_rcc.o
    0x08002de4   0x000000d8   Code   RO         6587    i.SPI2_Init         spi2.o
    0x08002ebc   0x00000024   Code   RO         6588    i.SPI2_ReadWriteByte  spi2.o
    0x08002ee0   0x00000028   Code   RO         3850    i.SPI_EndRxTxTransaction  stm32f1xx_hal_spi.o
    0x08002f08   0x00000006   Code   RO         3851    i.SPI_ISCRCErrorValid  stm32f1xx_hal_spi.o
    0x08002f0e   0x000000a8   Code   RO         3858    i.SPI_WaitFlagStateUntilTimeout  stm32f1xx_hal_spi.o
    0x08002fb6   0x00000002   Code   RO           10    i.SVC_Handler       stm32f10x_it.o
    0x08002fb8   0x0000005e   Code   RO         6488    i.SysClk_Init       rcc.o
    0x08003016   0x00000002   Code   RO           11    i.SysTick_Handler   stm32f10x_it.o
    0x08003018   0x00000058   Code   RO          245    i.SystemInit        system_stm32f1xx.o
    0x08003070   0x00000084   Code   RO         6512    i.TIM4_Init         tim4.o
    0x080030f4   0x00000074   Code   RO         4255    i.TIM_Base_SetConfig  stm32f1xx_hal_tim.o
    0x08003168   0x00000022   Code   RO         4256    i.TIM_CCxChannelCmd  stm32f1xx_hal_tim.o
    0x0800318a   0x00000016   Code   RO         4266    i.TIM_ETR_SetConfig  stm32f1xx_hal_tim.o
    0x080031a0   0x00000012   Code   RO         4267    i.TIM_ITRx_SetConfig  stm32f1xx_hal_tim.o
    0x080031b2   0x00000002   PAD
    0x080031b4   0x00000060   Code   RO         4268    i.TIM_OC1_SetConfig  stm32f1xx_hal_tim.o
    0x08003214   0x00000068   Code   RO         4269    i.TIM_OC2_SetConfig  stm32f1xx_hal_tim.o
    0x0800327c   0x00000068   Code   RO         4270    i.TIM_OC3_SetConfig  stm32f1xx_hal_tim.o
    0x080032e4   0x00000048   Code   RO         4271    i.TIM_OC4_SetConfig  stm32f1xx_hal_tim.o
    0x0800332c   0x00000026   Code   RO         4273    i.TIM_TI1_ConfigInputStage  stm32f1xx_hal_tim.o
    0x08003352   0x00000028   Code   RO         4275    i.TIM_TI2_ConfigInputStage  stm32f1xx_hal_tim.o
    0x0800337a   0x00000002   PAD
    0x0800337c   0x00000030   Code   RO         6543    i.UART1_Init        usart1.o
    0x080033ac   0x000001a0   Code   RO         5156    i.UART_SetConfig    stm32f1xx_hal_uart.o
    0x0800354c   0x0000006c   Code   RO         5158    i.UART_WaitOnFlagUntilTimeout  stm32f1xx_hal_uart.o
    0x080035b8   0x00000004   Code   RO           12    i.UsageFault_Handler  stm32f10x_it.o
    0x080035bc   0x00000020   Code   RO         6865    i.__0printf         mc_w.l(printfa.o)
    0x080035dc   0x00000010   Code   RO         1154    i.__NVIC_GetPriorityGrouping  stm32f1xx_hal_cortex.o
    0x080035ec   0x00000028   Code   RO         1155    i.__NVIC_SetPriority  stm32f1xx_hal_cortex.o
    0x08003614   0x0000000e   Code   RO         6945    i.__scatterload_copy  mc_w.l(handlers.o)
    0x08003622   0x00000002   Code   RO         6946    i.__scatterload_null  mc_w.l(handlers.o)
    0x08003624   0x0000000e   Code   RO         6947    i.__scatterload_zeroinit  mc_w.l(handlers.o)
    0x08003632   0x00000002   PAD
    0x08003634   0x00000184   Code   RO         6872    i._fp_digits        mc_w.l(printfa.o)
    0x080037b8   0x000006dc   Code   RO         6873    i._printf_core      mc_w.l(printfa.o)
    0x08003e94   0x00000024   Code   RO         6874    i._printf_post_padding  mc_w.l(printfa.o)
    0x08003eb8   0x0000002e   Code   RO         6875    i._printf_pre_padding  mc_w.l(printfa.o)
    0x08003ee6   0x00000002   PAD
    0x08003ee8   0x0000002c   Code   RO         6545    i.fputc             usart1.o
    0x08003f14   0x0000006c   Code   RO         6284    i.main              main.o
    0x08003f80   0x00000018   Data   RO          246    .constdata          system_stm32f1xx.o
    0x08003f98   0x00000020   Data   RO         6943    Region$$Table       anon$$obj.o


    Execution Region RW_IRAM1 (Base: 0x20000000, Size: 0x00004d50, Max: 0x00005000, ABSOLUTE, COMPRESSED[0x000005e4])

    Base Addr    Size         Type   Attr      Idx    E Section Name        Object

    0x20000000   0x00000004   Data   RW          247    .data               system_stm32f1xx.o
    0x20000004   0x00000009   Data   RW          458    .data               stm32f1xx_hal.o
    0x2000000d   0x00000003   PAD
    0x20000010   0x00000004   Data   RW         6129    .data               delay.o
    0x20000014   0x00000b28   Data   RW         6172    .data               ec11.o
    0x20000b3c   0x00000b2c   Data   RW         6238    .data               encoder.o
    0x20001668   0x00000b14   Data   RW         6286    .data               main.o
    0x2000217c   0x00000b1d   Data   RW         6325    .data               motor.o
    0x20002c99   0x00000b16   Data   RW         6378    .data               oled.o
    0x200037af   0x00000001   Data   RW         6590    .data               spi2.o
    0x200037b0   0x00000004   Data   RW         6917    .data               mc_w.l(stdout.o)
    0x200037b4   0x00000440   Zero   RW         6171    .bss                ec11.o
    0x20003bf4   0x00000440   Zero   RW         6237    .bss                encoder.o
    0x20004034   0x00000440   Zero   RW         6324    .bss                motor.o
    0x20004474   0x00000400   Zero   RW         6377    .bss                oled.o
    0x20004874   0x00000040   Zero   RW         6513    .bss                tim4.o
    0x200048b4   0x00000040   Zero   RW         6546    .bss                usart1.o
    0x200048f4   0x00000058   Zero   RW         6589    .bss                spi2.o
    0x2000494c   0x00000004   PAD
    0x20004950   0x00000400   Zero   RW         6116    STACK               startup_stm32f103xb.o


==============================================================================

Image component sizes


      Code (inc. data)   RO Data    RW Data    ZI Data      Debug   Object Name

       108         10          0          4          0       1315   delay.o
       604         58          0       2856       1088       4527   ec11.o
       772        114          0       2860       1088       2832   encoder.o
       108          4          0       2836          0        863   main.o
       344         36          0       2845       1088       2138   motor.o
      2072         56          0       2838       1024      10814   oled.o
        94          0          0          0          0        634   rcc.o
       252         24          0          1         88       1763   spi2.o
        36          8        236          0       1024        840   startup_stm32f103xb.o
        24          0          0          0          0     429266   stm32f10x_it.o
        88         18          0          9          0       4384   stm32f1xx_hal.o
       272         14          0          0          0      28709   stm32f1xx_hal_cortex.o
       812         34          0          0          0       2736   stm32f1xx_hal_gpio.o
      1784        110          0          0          0       6204   stm32f1xx_hal_rcc.o
      1122          0          0          0          0       5693   stm32f1xx_hal_spi.o
      1808         36          0          0          0      16734   stm32f1xx_hal_tim.o
       200          0          0          0          0       2108   stm32f1xx_hal_tim_ex.o
       852          4          0          0          0       3688   stm32f1xx_hal_uart.o
        88         18         24          4          0     424151   system_stm32f1xx.o
       132         12          0          0         64       1170   tim4.o
       228         30          0          0         64       2306   usart1.o

    ----------------------------------------------------------------------
     11814        586        292      14256       5532     952875   Object Totals
         0          0         32          0          0          0   (incl. Generated)
        14          0          0          3          4          0   (incl. Padding)

    ----------------------------------------------------------------------

      Code (inc. data)   RO Data    RW Data    ZI Data      Debug   Library Member Name

        94          0          0          0          0          0   __dclz77c.o
         0          0          0          0          0          0   entry.o
         0          0          0          0          0          0   entry10a.o
         0          0          0          0          0          0   entry11a.o
         8          4          0          0          0          0   entry2.o
         4          0          0          0          0          0   entry5.o
         0          0          0          0          0          0   entry7b.o
         0          0          0          0          0          0   entry8b.o
         8          4          0          0          0          0   entry9a.o
        30          0          0          0          0          0   handlers.o
        36          8          0          0          0         68   init.o
         0          0          0          0          0          0   iusefp.o
        30          0          0          0          0         68   llshl.o
        36          0          0          0          0         68   llsshr.o
        32          0          0          0          0         68   llushr.o
        36          0          0          0          0        108   memseta.o
      2258         90          0          0          0        452   printfa.o
         0          0          0          4          0          0   stdout.o
        44          0          0          0          0         80   uidiv.o
        98          0          0          0          0         92   uldiv.o
        48          0          0          0          0         68   cdrcmple.o
       334          0          0          0          0        148   dadd.o
       222          0          0          0          0        100   ddiv.o
       186          0          0          0          0        176   depilogue.o
        48          0          0          0          0         68   dfixul.o
       228          0          0          0          0         96   dmul.o
        38          0          0          0          0         68   f2d.o
       124          0          0          0          0         88   fdiv.o
       110          0          0          0          0        168   fepilogue.o
        40          0          0          0          0         68   ffixui.o
        10          0          0          0          0         68   ffltui.o
       100          0          0          0          0         76   fmul.o

    ----------------------------------------------------------------------
      4206        106          0          4          0       2196   Library Totals
         4          0          0          0          0          0   (incl. Padding)

    ----------------------------------------------------------------------

      Code (inc. data)   RO Data    RW Data    ZI Data      Debug   Library Name

      2714        106          0          4          0       1004   mc_w.l
      1488          0          0          0          0       1192   mf_w.l

    ----------------------------------------------------------------------
      4206        106          0          4          0       2196   Library Totals

    ----------------------------------------------------------------------

==============================================================================


      Code (inc. data)   RO Data    RW Data    ZI Data      Debug   

     16020        692        292      14260       5532     949635   Grand Totals
     16020        692        292       1508       5532     949635   ELF Image Totals (compressed)
     16020        692        292       1508          0          0   ROM Totals

==============================================================================

    Total RO  Size (Code + RO Data)                16312 (  15.93kB)
    Total RW  Size (RW Data + ZI Data)             19792 (  19.33kB)
    Total ROM Size (Code + RO Data + RW Data)      17820 (  17.40kB)

==============================================================================

